Component: ARM Compiler 5.05 update 2 (build 169) Tool: armlink [4d0f33]

==============================================================================

Section Cross References

    main.o(.text) refers to stm32f10x_rcc.o(.text) for RCC_APB2PeriphClockCmd
    main.o(.text) refers to stm32f10x_gpio.o(.text) for GPIO_Init
    main.o(.text) refers to stm32f10x_exti.o(.text) for EXTI_Init
    main.o(.text) refers to misc.o(.text) for NVIC_PriorityGroupConfig
    main.o(.text) refers to system_stm32f10x.o(.text) for SystemInit
    main.o(.text) refers to timer.o(.text) for TIM3_Init
    main.o(.text) refers to oled_i2c.o(.text) for I2C_Configuration
    main.o(.text) refers to delay.o(.text) for delay_ms
    main.o(.text) refers to fmul.o(x$fpl$fmul) for __aeabi_fmul
    main.o(.text) refers to ffix.o(x$fpl$ffix) for __aeabi_f2iz
    main.o(.text) refers to main.o(.data) for count
    main.o(.text) refers to main.o(.bss) for buff
    timer.o(.text) refers to stm32f10x_rcc.o(.text) for RCC_APB1PeriphClockCmd
    timer.o(.text) refers to stm32f10x_tim.o(.text) for TIM_DeInit
    timer.o(.text) refers to misc.o(.text) for NVIC_PriorityGroupConfig
    timer.o(.text) refers to stm32f10x_gpio.o(.text) for GPIO_ResetBits
    timer.o(.text) refers to dflt_clz.o(x$fpl$dflt) for __aeabi_i2d
    timer.o(.text) refers to ddiv.o(x$fpl$ddiv) for __aeabi_ddiv
    timer.o(.text) refers to d2f.o(x$fpl$d2f) for __aeabi_d2f
    timer.o(.text) refers to faddsub_clz.o(x$fpl$fadd) for __aeabi_fadd
    timer.o(.text) refers to timer.o(.data) for LED_TAG
    timer.o(.text) refers to main.o(.data) for count
    oled_i2c.o(.text) refers to stm32f10x_rcc.o(.text) for RCC_APB1PeriphClockCmd
    oled_i2c.o(.text) refers to stm32f10x_gpio.o(.text) for GPIO_Init
    oled_i2c.o(.text) refers to stm32f10x_i2c.o(.text) for I2C_DeInit
    oled_i2c.o(.text) refers to delay.o(.text) for delay_ms
    oled_i2c.o(.text) refers to oled_i2c.o(.constdata) for F6x8
    oled_i2c.o(.text) refers to oled_i2c.o(.data) for F16x16
    stm32f10x_gpio.o(.text) refers to stm32f10x_rcc.o(.text) for RCC_APB2PeriphResetCmd
    stm32f10x_pwr.o(.text) refers to stm32f10x_rcc.o(.text) for RCC_APB1PeriphResetCmd
    stm32f10x_rcc.o(.text) refers to stm32f10x_rcc.o(.data) for APBAHBPrescTable
    stm32f10x_bkp.o(.text) refers to stm32f10x_rcc.o(.text) for RCC_BackupResetCmd
    stm32f10x_tim.o(.text) refers to stm32f10x_rcc.o(.text) for RCC_APB2PeriphResetCmd
    stm32f10x_adc.o(.text) refers to stm32f10x_rcc.o(.text) for RCC_APB2PeriphResetCmd
    stm32f10x_can.o(.text) refers to stm32f10x_rcc.o(.text) for RCC_APB1PeriphResetCmd
    stm32f10x_cec.o(.text) refers to stm32f10x_rcc.o(.text) for RCC_APB1PeriphResetCmd
    stm32f10x_dac.o(.text) refers to stm32f10x_rcc.o(.text) for RCC_APB1PeriphResetCmd
    stm32f10x_i2c.o(.text) refers to stm32f10x_rcc.o(.text) for RCC_APB1PeriphResetCmd
    stm32f10x_spi.o(.text) refers to stm32f10x_rcc.o(.text) for RCC_APB2PeriphResetCmd
    stm32f10x_usart.o(.text) refers to stm32f10x_rcc.o(.text) for RCC_APB2PeriphResetCmd
    stm32f10x_wwdg.o(.text) refers to stm32f10x_rcc.o(.text) for RCC_APB1PeriphResetCmd
    system_stm32f10x.o(.text) refers to system_stm32f10x.o(.data) for SystemCoreClock
    startup_stm32f10x_hd.o(STACK) refers (Special) to heapauxi.o(.text) for __use_two_region_memory
    startup_stm32f10x_hd.o(HEAP) refers (Special) to heapauxi.o(.text) for __use_two_region_memory
    startup_stm32f10x_hd.o(RESET) refers (Special) to heapauxi.o(.text) for __use_two_region_memory
    startup_stm32f10x_hd.o(RESET) refers to startup_stm32f10x_hd.o(STACK) for __initial_sp
    startup_stm32f10x_hd.o(RESET) refers to startup_stm32f10x_hd.o(.text) for Reset_Handler
    startup_stm32f10x_hd.o(RESET) refers to stm32f10x_it.o(.text) for NMI_Handler
    startup_stm32f10x_hd.o(RESET) refers to main.o(.text) for EXTI1_IRQHandler
    startup_stm32f10x_hd.o(RESET) refers to timer.o(.text) for TIM3_IRQHandler
    startup_stm32f10x_hd.o(.text) refers (Special) to heapauxi.o(.text) for __use_two_region_memory
    startup_stm32f10x_hd.o(.text) refers to system_stm32f10x.o(.text) for SystemInit
    startup_stm32f10x_hd.o(.text) refers to __main.o(!!!main) for __main
    startup_stm32f10x_hd.o(.text) refers to startup_stm32f10x_hd.o(HEAP) for Heap_Mem
    startup_stm32f10x_hd.o(.text) refers to startup_stm32f10x_hd.o(STACK) for Stack_Mem
    __main.o(!!!main) refers to __rtentry.o(.ARM.Collect$$rtentry$$00000000) for __rt_entry
    d2f.o(x$fpl$d2f) refers (Special) to usenofp.o(x$fpl$usenofp) for __I$use$fp
    d2f.o(x$fpl$d2f) refers to fretinf.o(x$fpl$fretinf) for __fpl_fretinf
    d2f.o(x$fpl$d2f) refers to dnaninf.o(x$fpl$dnaninf) for __fpl_dnaninf
    ddiv.o(x$fpl$drdiv) refers (Special) to usenofp.o(x$fpl$usenofp) for __I$use$fp
    ddiv.o(x$fpl$drdiv) refers to ddiv.o(x$fpl$ddiv) for ddiv_entry
    ddiv.o(x$fpl$ddiv) refers (Special) to usenofp.o(x$fpl$usenofp) for __I$use$fp
    ddiv.o(x$fpl$ddiv) refers to dretinf.o(x$fpl$dretinf) for __fpl_dretinf
    ddiv.o(x$fpl$ddiv) refers to dnaninf.o(x$fpl$dnaninf) for __fpl_dnaninf
    dflt_clz.o(x$fpl$dfltu) refers (Special) to usenofp.o(x$fpl$usenofp) for __I$use$fp
    dflt_clz.o(x$fpl$dflt) refers (Special) to usenofp.o(x$fpl$usenofp) for __I$use$fp
    dflt_clz.o(x$fpl$dfltn) refers (Special) to usenofp.o(x$fpl$usenofp) for __I$use$fp
    faddsub_clz.o(x$fpl$fadd) refers (Special) to usenofp.o(x$fpl$usenofp) for __I$use$fp
    faddsub_clz.o(x$fpl$fadd) refers to faddsub_clz.o(x$fpl$fsub) for _fsub1
    faddsub_clz.o(x$fpl$fadd) refers to fretinf.o(x$fpl$fretinf) for __fpl_fretinf
    faddsub_clz.o(x$fpl$fadd) refers to fnaninf.o(x$fpl$fnaninf) for __fpl_fnaninf
    faddsub_clz.o(x$fpl$frsb) refers (Special) to usenofp.o(x$fpl$usenofp) for __I$use$fp
    faddsub_clz.o(x$fpl$frsb) refers to faddsub_clz.o(x$fpl$fadd) for _fadd1
    faddsub_clz.o(x$fpl$frsb) refers to faddsub_clz.o(x$fpl$fsub) for _fsub1
    faddsub_clz.o(x$fpl$fsub) refers (Special) to usenofp.o(x$fpl$usenofp) for __I$use$fp
    faddsub_clz.o(x$fpl$fsub) refers to faddsub_clz.o(x$fpl$fadd) for _fadd1
    faddsub_clz.o(x$fpl$fsub) refers to fnaninf.o(x$fpl$fnaninf) for __fpl_fnaninf
    ffix.o(x$fpl$ffix) refers (Special) to usenofp.o(x$fpl$usenofp) for __I$use$fp
    ffix.o(x$fpl$ffix) refers to fnaninf.o(x$fpl$fnaninf) for __fpl_fnaninf
    ffix.o(x$fpl$ffixr) refers (Special) to usenofp.o(x$fpl$usenofp) for __I$use$fp
    ffix.o(x$fpl$ffixr) refers to fnaninf.o(x$fpl$fnaninf) for __fpl_fnaninf
    fmul.o(x$fpl$fmul) refers (Special) to usenofp.o(x$fpl$usenofp) for __I$use$fp
    fmul.o(x$fpl$fmul) refers to fretinf.o(x$fpl$fretinf) for __fpl_fretinf
    fmul.o(x$fpl$fmul) refers to fnaninf.o(x$fpl$fnaninf) for __fpl_fnaninf
    __rtentry.o(.ARM.Collect$$rtentry$$00000000) refers (Special) to __rtentry2.o(.ARM.Collect$$rtentry$$0000000A) for __rt_entry_li
    __rtentry.o(.ARM.Collect$$rtentry$$00000000) refers (Special) to __rtentry2.o(.ARM.Collect$$rtentry$$0000000D) for __rt_entry_main
    __rtentry.o(.ARM.Collect$$rtentry$$00000000) refers (Special) to __rtentry2.o(.ARM.Collect$$rtentry$$0000000C) for __rt_entry_postli_1
    __rtentry.o(.ARM.Collect$$rtentry$$00000000) refers (Special) to __rtentry2.o(.ARM.Collect$$rtentry$$00000009) for __rt_entry_postsh_1
    __rtentry.o(.ARM.Collect$$rtentry$$00000000) refers (Special) to __rtentry2.o(.ARM.Collect$$rtentry$$00000002) for __rt_entry_presh_1
    __rtentry.o(.ARM.Collect$$rtentry$$00000000) refers (Special) to __rtentry4.o(.ARM.Collect$$rtentry$$00000004) for __rt_entry_sh
    dnaninf.o(x$fpl$dnaninf) refers (Special) to usenofp.o(x$fpl$usenofp) for __I$use$fp
    dretinf.o(x$fpl$dretinf) refers (Special) to usenofp.o(x$fpl$usenofp) for __I$use$fp
    fnaninf.o(x$fpl$fnaninf) refers (Special) to usenofp.o(x$fpl$usenofp) for __I$use$fp
    fretinf.o(x$fpl$fretinf) refers (Special) to usenofp.o(x$fpl$usenofp) for __I$use$fp
    __rtentry2.o(.ARM.Collect$$rtentry$$00000008) refers to boardinit2.o(.text) for _platform_post_stackheap_init
    __rtentry2.o(.ARM.Collect$$rtentry$$0000000A) refers to libinit.o(.ARM.Collect$$libinit$$00000000) for __rt_lib_init
    __rtentry2.o(.ARM.Collect$$rtentry$$0000000B) refers to boardinit3.o(.text) for _platform_post_lib_init
    __rtentry2.o(.ARM.Collect$$rtentry$$0000000D) refers to main.o(.text) for main
    __rtentry2.o(.ARM.Collect$$rtentry$$0000000D) refers to exit.o(.text) for exit
    __rtentry2.o(.ARM.exidx) refers to __rtentry2.o(.ARM.Collect$$rtentry$$00000001) for .ARM.Collect$$rtentry$$00000001
    __rtentry2.o(.ARM.exidx) refers to __rtentry2.o(.ARM.Collect$$rtentry$$00000008) for .ARM.Collect$$rtentry$$00000008
    __rtentry2.o(.ARM.exidx) refers to __rtentry2.o(.ARM.Collect$$rtentry$$0000000A) for .ARM.Collect$$rtentry$$0000000A
    __rtentry2.o(.ARM.exidx) refers to __rtentry2.o(.ARM.Collect$$rtentry$$0000000B) for .ARM.Collect$$rtentry$$0000000B
    __rtentry2.o(.ARM.exidx) refers to __rtentry2.o(.ARM.Collect$$rtentry$$0000000D) for .ARM.Collect$$rtentry$$0000000D
    __rtentry4.o(.ARM.Collect$$rtentry$$00000004) refers to sys_stackheap_outer.o(.text) for __user_setup_stackheap
    __rtentry4.o(.ARM.exidx) refers to __rtentry4.o(.ARM.Collect$$rtentry$$00000004) for .ARM.Collect$$rtentry$$00000004
    sys_stackheap_outer.o(.text) refers to libspace.o(.text) for __user_perproc_libspace
    sys_stackheap_outer.o(.text) refers to startup_stm32f10x_hd.o(.text) for __user_initial_stackheap
    exit.o(.text) refers to rtexit.o(.ARM.Collect$$rtexit$$00000000) for __rt_exit
    libinit.o(.ARM.Collect$$libinit$$00000000) refers (Special) to libinit2.o(.ARM.Collect$$libinit$$0000002E) for __rt_lib_init_alloca_1
    libinit.o(.ARM.Collect$$libinit$$00000000) refers (Special) to libinit2.o(.ARM.Collect$$libinit$$0000002C) for __rt_lib_init_argv_1
    libinit.o(.ARM.Collect$$libinit$$00000000) refers (Special) to libinit2.o(.ARM.Collect$$libinit$$0000001B) for __rt_lib_init_atexit_1
    libinit.o(.ARM.Collect$$libinit$$00000000) refers (Special) to libinit2.o(.ARM.Collect$$libinit$$00000021) for __rt_lib_init_clock_1
    libinit.o(.ARM.Collect$$libinit$$00000000) refers (Special) to libinit2.o(.ARM.Collect$$libinit$$00000032) for __rt_lib_init_cpp_1
    libinit.o(.ARM.Collect$$libinit$$00000000) refers (Special) to libinit2.o(.ARM.Collect$$libinit$$00000030) for __rt_lib_init_exceptions_1
    libinit.o(.ARM.Collect$$libinit$$00000000) refers (Special) to libinit2.o(.ARM.Collect$$libinit$$00000002) for __rt_lib_init_fp_1
    libinit.o(.ARM.Collect$$libinit$$00000000) refers (Special) to libinit2.o(.ARM.Collect$$libinit$$0000001F) for __rt_lib_init_fp_trap_1
    libinit.o(.ARM.Collect$$libinit$$00000000) refers (Special) to libinit2.o(.ARM.Collect$$libinit$$00000023) for __rt_lib_init_getenv_1
    libinit.o(.ARM.Collect$$libinit$$00000000) refers (Special) to libinit2.o(.ARM.Collect$$libinit$$0000000A) for __rt_lib_init_heap_1
    libinit.o(.ARM.Collect$$libinit$$00000000) refers (Special) to libinit2.o(.ARM.Collect$$libinit$$00000011) for __rt_lib_init_lc_collate_1
    libinit.o(.ARM.Collect$$libinit$$00000000) refers (Special) to libinit2.o(.ARM.Collect$$libinit$$00000013) for __rt_lib_init_lc_ctype_1
    libinit.o(.ARM.Collect$$libinit$$00000000) refers (Special) to libinit2.o(.ARM.Collect$$libinit$$00000015) for __rt_lib_init_lc_monetary_1
    libinit.o(.ARM.Collect$$libinit$$00000000) refers (Special) to libinit2.o(.ARM.Collect$$libinit$$00000017) for __rt_lib_init_lc_numeric_1
    libinit.o(.ARM.Collect$$libinit$$00000000) refers (Special) to libinit2.o(.ARM.Collect$$libinit$$00000019) for __rt_lib_init_lc_time_1
    libinit.o(.ARM.Collect$$libinit$$00000000) refers (Special) to libinit2.o(.ARM.Collect$$libinit$$00000004) for __rt_lib_init_preinit_1
    libinit.o(.ARM.Collect$$libinit$$00000000) refers (Special) to libinit2.o(.ARM.Collect$$libinit$$0000000E) for __rt_lib_init_rand_1
    libinit.o(.ARM.Collect$$libinit$$00000000) refers (Special) to libinit2.o(.ARM.Collect$$libinit$$00000033) for __rt_lib_init_return
    libinit.o(.ARM.Collect$$libinit$$00000000) refers (Special) to libinit2.o(.ARM.Collect$$libinit$$0000001D) for __rt_lib_init_signal_1
    libinit.o(.ARM.Collect$$libinit$$00000000) refers (Special) to libinit2.o(.ARM.Collect$$libinit$$00000025) for __rt_lib_init_stdio_1
    libinit.o(.ARM.Collect$$libinit$$00000000) refers (Special) to libinit2.o(.ARM.Collect$$libinit$$0000000C) for __rt_lib_init_user_alloc_1
    libspace.o(.text) refers to libspace.o(.bss) for __libspace_start
    rtexit.o(.ARM.Collect$$rtexit$$00000000) refers (Special) to rtexit2.o(.ARM.Collect$$rtexit$$00000004) for __rt_exit_exit
    rtexit.o(.ARM.Collect$$rtexit$$00000000) refers (Special) to rtexit2.o(.ARM.Collect$$rtexit$$00000003) for __rt_exit_ls
    rtexit.o(.ARM.Collect$$rtexit$$00000000) refers (Special) to rtexit2.o(.ARM.Collect$$rtexit$$00000002) for __rt_exit_prels_1
    rtexit.o(.ARM.exidx) refers (Special) to rtexit2.o(.ARM.Collect$$rtexit$$00000004) for __rt_exit_exit
    rtexit.o(.ARM.exidx) refers (Special) to rtexit2.o(.ARM.Collect$$rtexit$$00000003) for __rt_exit_ls
    rtexit.o(.ARM.exidx) refers (Special) to rtexit2.o(.ARM.Collect$$rtexit$$00000002) for __rt_exit_prels_1
    rtexit.o(.ARM.exidx) refers to rtexit.o(.ARM.Collect$$rtexit$$00000000) for .ARM.Collect$$rtexit$$00000000
    libinit2.o(.ARM.Collect$$libinit$$00000010) refers to libinit2.o(.ARM.Collect$$libinit$$0000000F) for .ARM.Collect$$libinit$$0000000F
    libinit2.o(.ARM.Collect$$libinit$$00000012) refers to libinit2.o(.ARM.Collect$$libinit$$0000000F) for .ARM.Collect$$libinit$$0000000F
    libinit2.o(.ARM.Collect$$libinit$$00000014) refers to libinit2.o(.ARM.Collect$$libinit$$0000000F) for .ARM.Collect$$libinit$$0000000F
    libinit2.o(.ARM.Collect$$libinit$$00000016) refers to libinit2.o(.ARM.Collect$$libinit$$0000000F) for .ARM.Collect$$libinit$$0000000F
    libinit2.o(.ARM.Collect$$libinit$$00000018) refers to libinit2.o(.ARM.Collect$$libinit$$0000000F) for .ARM.Collect$$libinit$$0000000F
    libinit2.o(.ARM.Collect$$libinit$$00000026) refers to argv_veneer.o(.emb_text) for __ARM_argv_veneer
    libinit2.o(.ARM.Collect$$libinit$$00000027) refers to argv_veneer.o(.emb_text) for __ARM_argv_veneer
    rtexit2.o(.ARM.Collect$$rtexit$$00000003) refers to libshutdown.o(.ARM.Collect$$libshutdown$$00000000) for __rt_lib_shutdown
    rtexit2.o(.ARM.Collect$$rtexit$$00000004) refers to sys_exit.o(.text) for _sys_exit
    rtexit2.o(.ARM.exidx) refers to rtexit2.o(.ARM.Collect$$rtexit$$00000001) for .ARM.Collect$$rtexit$$00000001
    rtexit2.o(.ARM.exidx) refers to rtexit2.o(.ARM.Collect$$rtexit$$00000003) for .ARM.Collect$$rtexit$$00000003
    rtexit2.o(.ARM.exidx) refers to rtexit2.o(.ARM.Collect$$rtexit$$00000004) for .ARM.Collect$$rtexit$$00000004
    argv_veneer.o(.emb_text) refers to no_argv.o(.text) for __ARM_get_argv
    sys_exit.o(.text) refers (Special) to use_no_semi.o(.text) for __I$use$semihosting
    sys_exit.o(.text) refers (Special) to indicate_semi.o(.text) for __semihosting_library_function
    _get_argv_nomalloc.o(.text) refers (Special) to hrguard.o(.text) for __heap_region$guard
    _get_argv_nomalloc.o(.text) refers to defsig_rtmem_outer.o(.text) for __rt_SIGRTMEM
    _get_argv_nomalloc.o(.text) refers to sys_command.o(.text) for _sys_command_string
    libshutdown.o(.ARM.Collect$$libshutdown$$00000000) refers (Special) to libshutdown2.o(.ARM.Collect$$libshutdown$$00000006) for __rt_lib_shutdown_fp_trap_1
    libshutdown.o(.ARM.Collect$$libshutdown$$00000000) refers (Special) to libshutdown2.o(.ARM.Collect$$libshutdown$$0000000E) for __rt_lib_shutdown_heap_1
    libshutdown.o(.ARM.Collect$$libshutdown$$00000000) refers (Special) to libshutdown2.o(.ARM.Collect$$libshutdown$$0000000F) for __rt_lib_shutdown_return
    libshutdown.o(.ARM.Collect$$libshutdown$$00000000) refers (Special) to libshutdown2.o(.ARM.Collect$$libshutdown$$00000009) for __rt_lib_shutdown_signal_1
    libshutdown.o(.ARM.Collect$$libshutdown$$00000000) refers (Special) to libshutdown2.o(.ARM.Collect$$libshutdown$$00000003) for __rt_lib_shutdown_stdio_1
    libshutdown.o(.ARM.Collect$$libshutdown$$00000000) refers (Special) to libshutdown2.o(.ARM.Collect$$libshutdown$$0000000B) for __rt_lib_shutdown_user_alloc_1
    sys_command.o(.text) refers (Special) to use_no_semi.o(.text) for __I$use$semihosting
    sys_command.o(.text) refers (Special) to indicate_semi.o(.text) for __semihosting_library_function
    defsig_rtmem_outer.o(.text) refers to defsig_rtmem_inner.o(.text) for __rt_SIGRTMEM_inner
    defsig_rtmem_outer.o(.text) refers to defsig_exit.o(.text) for __sig_exit
    defsig_rtmem_formal.o(.text) refers to rt_raise.o(.text) for __rt_raise
    rt_raise.o(.text) refers to __raise.o(.text) for __raise
    rt_raise.o(.text) refers to sys_exit.o(.text) for _sys_exit
    defsig_exit.o(.text) refers to sys_exit.o(.text) for _sys_exit
    defsig_rtmem_inner.o(.text) refers to defsig_general.o(.text) for __default_signal_display
    __raise.o(.text) refers to defsig.o(CL$$defsig) for __default_signal_handler
    defsig_general.o(.text) refers to sys_wrch.o(.text) for _ttywrch
    sys_wrch.o(.text) refers (Special) to use_no_semi.o(.text) for __I$use$semihosting
    sys_wrch.o(.text) refers (Special) to indicate_semi.o(.text) for __semihosting_library_function
    defsig.o(CL$$defsig) refers to defsig_rtmem_inner.o(.text) for __rt_SIGRTMEM_inner
    defsig_abrt_inner.o(.text) refers to defsig_general.o(.text) for __default_signal_display
    defsig_fpe_inner.o(.text) refers to defsig_general.o(.text) for __default_signal_display
    defsig_rtred_inner.o(.text) refers to defsig_general.o(.text) for __default_signal_display
    defsig_stak_inner.o(.text) refers to defsig_general.o(.text) for __default_signal_display
    defsig_pvfn_inner.o(.text) refers to defsig_general.o(.text) for __default_signal_display
    defsig_cppl_inner.o(.text) refers to defsig_general.o(.text) for __default_signal_display
    defsig_segv_inner.o(.text) refers to defsig_general.o(.text) for __default_signal_display
    defsig_other.o(.text) refers to defsig_general.o(.text) for __default_signal_display


==============================================================================

Removing Unused input sections from the image.

    Removing stm32f10x_dbgmcu.o(.text), (48 bytes).
    Removing stm32f10x_fsmc.o(.text), (1548 bytes).
    Removing stm32f10x_pwr.o(.text), (204 bytes).
    Removing stm32f10x_sdio.o(.text), (468 bytes).
    Removing stm32f10x_flash.o(.text), (1468 bytes).
    Removing stm32f10x_bkp.o(.text), (196 bytes).
    Removing stm32f10x_adc.o(.text), (1102 bytes).
    Removing stm32f10x_can.o(.text), (2544 bytes).
    Removing stm32f10x_cec.o(.text), (288 bytes).
    Removing stm32f10x_crc.o(.text), (72 bytes).
    Removing stm32f10x_dac.o(.text), (396 bytes).
    Removing stm32f10x_dma.o(.text), (596 bytes).
    Removing stm32f10x_iwdg.o(.text), (64 bytes).
    Removing stm32f10x_rtc.o(.text), (328 bytes).
    Removing stm32f10x_spi.o(.text), (780 bytes).
    Removing stm32f10x_usart.o(.text), (1032 bytes).
    Removing stm32f10x_wwdg.o(.text), (136 bytes).
    Removing core_cm3.o(.emb_text), (32 bytes).

18 unused section(s) (total 11302 bytes) removed from the image.

==============================================================================

Image Symbol Table

    Local Symbols

    Symbol Name                              Value     Ov Type        Size  Object(Section)

    ../clib/angel/boardlib.s                 0x00000000   Number         0  boardinit1.o ABSOLUTE
    ../clib/angel/boardlib.s                 0x00000000   Number         0  boardinit3.o ABSOLUTE
    ../clib/angel/boardlib.s                 0x00000000   Number         0  boardinit2.o ABSOLUTE
    ../clib/angel/boardlib.s                 0x00000000   Number         0  boardshut.o ABSOLUTE
    ../clib/angel/dczerorl2.s                0x00000000   Number         0  __dczerorl2.o ABSOLUTE
    ../clib/angel/handlers.s                 0x00000000   Number         0  __scatter_zi.o ABSOLUTE
    ../clib/angel/kernel.s                   0x00000000   Number         0  rtexit.o ABSOLUTE
    ../clib/angel/kernel.s                   0x00000000   Number         0  __rtentry.o ABSOLUTE
    ../clib/angel/kernel.s                   0x00000000   Number         0  __rtentry2.o ABSOLUTE
    ../clib/angel/kernel.s                   0x00000000   Number         0  __rtentry4.o ABSOLUTE
    ../clib/angel/kernel.s                   0x00000000   Number         0  rtexit2.o ABSOLUTE
    ../clib/angel/rt.s                       0x00000000   Number         0  rt_raise.o ABSOLUTE
    ../clib/angel/scatter.s                  0x00000000   Number         0  __scatter.o ABSOLUTE
    ../clib/angel/startup.s                  0x00000000   Number         0  __main.o ABSOLUTE
    ../clib/angel/sys.s                      0x00000000   Number         0  indicate_semi.o ABSOLUTE
    ../clib/angel/sys.s                      0x00000000   Number         0  use_no_semi.o ABSOLUTE
    ../clib/angel/sys.s                      0x00000000   Number         0  sys_stackheap_outer.o ABSOLUTE
    ../clib/angel/sys.s                      0x00000000   Number         0  libspace.o ABSOLUTE
    ../clib/angel/sysapp.c                   0x00000000   Number         0  sys_command.o ABSOLUTE
    ../clib/angel/sysapp.c                   0x00000000   Number         0  sys_exit.o ABSOLUTE
    ../clib/angel/sysapp.c                   0x00000000   Number         0  sys_wrch.o ABSOLUTE
    ../clib/armsys.c                         0x00000000   Number         0  _get_argv_nomalloc.o ABSOLUTE
    ../clib/armsys.c                         0x00000000   Number         0  no_argv.o ABSOLUTE
    ../clib/armsys.c                         0x00000000   Number         0  argv_veneer.o ABSOLUTE
    ../clib/armsys.c                         0x00000000   Number         0  argv_veneer.o ABSOLUTE
    ../clib/heapalloc.c                      0x00000000   Number         0  hrguard.o ABSOLUTE
    ../clib/heapaux.c                        0x00000000   Number         0  heapauxi.o ABSOLUTE
    ../clib/libinit.s                        0x00000000   Number         0  libshutdown2.o ABSOLUTE
    ../clib/libinit.s                        0x00000000   Number         0  libshutdown.o ABSOLUTE
    ../clib/libinit.s                        0x00000000   Number         0  libinit2.o ABSOLUTE
    ../clib/libinit.s                        0x00000000   Number         0  libinit.o ABSOLUTE
    ../clib/signal.c                         0x00000000   Number         0  defsig_exit.o ABSOLUTE
    ../clib/signal.c                         0x00000000   Number         0  defsig_rtmem_formal.o ABSOLUTE
    ../clib/signal.c                         0x00000000   Number         0  defsig_rtmem_outer.o ABSOLUTE
    ../clib/signal.c                         0x00000000   Number         0  defsig_fpe_inner.o ABSOLUTE
    ../clib/signal.c                         0x00000000   Number         0  __raise.o ABSOLUTE
    ../clib/signal.c                         0x00000000   Number         0  defsig_rtmem_inner.o ABSOLUTE
    ../clib/signal.c                         0x00000000   Number         0  defsig_general.o ABSOLUTE
    ../clib/signal.c                         0x00000000   Number         0  defsig_abrt_inner.o ABSOLUTE
    ../clib/signal.c                         0x00000000   Number         0  defsig_rtred_inner.o ABSOLUTE
    ../clib/signal.c                         0x00000000   Number         0  defsig_stak_inner.o ABSOLUTE
    ../clib/signal.c                         0x00000000   Number         0  defsig_cppl_inner.o ABSOLUTE
    ../clib/signal.c                         0x00000000   Number         0  defsig_segv_inner.o ABSOLUTE
    ../clib/signal.c                         0x00000000   Number         0  defsig_other.o ABSOLUTE
    ../clib/signal.c                         0x00000000   Number         0  defsig_pvfn_inner.o ABSOLUTE
    ../clib/signal.s                         0x00000000   Number         0  defsig.o ABSOLUTE
    ../clib/stdlib.c                         0x00000000   Number         0  exit.o ABSOLUTE
    ../fplib/d2f.s                           0x00000000   Number         0  d2f.o ABSOLUTE
    ../fplib/ddiv.s                          0x00000000   Number         0  ddiv.o ABSOLUTE
    ../fplib/dflt.s                          0x00000000   Number         0  dflt_clz.o ABSOLUTE
    ../fplib/dnaninf.s                       0x00000000   Number         0  dnaninf.o ABSOLUTE
    ../fplib/dretinf.s                       0x00000000   Number         0  dretinf.o ABSOLUTE
    ../fplib/faddsub.s                       0x00000000   Number         0  faddsub_clz.o ABSOLUTE
    ../fplib/ffix.s                          0x00000000   Number         0  ffix.o ABSOLUTE
    ../fplib/fmul.s                          0x00000000   Number         0  fmul.o ABSOLUTE
    ../fplib/fnaninf.s                       0x00000000   Number         0  fnaninf.o ABSOLUTE
    ../fplib/fpinit.s                        0x00000000   Number         0  fpinit.o ABSOLUTE
    ../fplib/fretinf.s                       0x00000000   Number         0  fretinf.o ABSOLUTE
    ../fplib/usenofp.s                       0x00000000   Number         0  usenofp.o ABSOLUTE
    ..\..\Libraries\CMSIS\CM3\CoreSupport\core_cm3.c 0x00000000   Number         0  core_cm3.o ABSOLUTE
    ..\..\Libraries\CMSIS\CM3\DeviceSupport\ST\STM32F10x\startup\arm\startup_stm32f10x_hd.s 0x00000000   Number         0  startup_stm32f10x_hd.o ABSOLUTE
    ..\..\Libraries\CMSIS\CM3\DeviceSupport\ST\STM32F10x\system_stm32f10x.c 0x00000000   Number         0  system_stm32f10x.o ABSOLUTE
    ..\..\Libraries\STM32F10x_StdPeriph_Driver\src\misc.c 0x00000000   Number         0  misc.o ABSOLUTE
    ..\..\Libraries\STM32F10x_StdPeriph_Driver\src\stm32f10x_adc.c 0x00000000   Number         0  stm32f10x_adc.o ABSOLUTE
    ..\..\Libraries\STM32F10x_StdPeriph_Driver\src\stm32f10x_bkp.c 0x00000000   Number         0  stm32f10x_bkp.o ABSOLUTE
    ..\..\Libraries\STM32F10x_StdPeriph_Driver\src\stm32f10x_can.c 0x00000000   Number         0  stm32f10x_can.o ABSOLUTE
    ..\..\Libraries\STM32F10x_StdPeriph_Driver\src\stm32f10x_cec.c 0x00000000   Number         0  stm32f10x_cec.o ABSOLUTE
    ..\..\Libraries\STM32F10x_StdPeriph_Driver\src\stm32f10x_crc.c 0x00000000   Number         0  stm32f10x_crc.o ABSOLUTE
    ..\..\Libraries\STM32F10x_StdPeriph_Driver\src\stm32f10x_dac.c 0x00000000   Number         0  stm32f10x_dac.o ABSOLUTE
    ..\..\Libraries\STM32F10x_StdPeriph_Driver\src\stm32f10x_dbgmcu.c 0x00000000   Number         0  stm32f10x_dbgmcu.o ABSOLUTE
    ..\..\Libraries\STM32F10x_StdPeriph_Driver\src\stm32f10x_dma.c 0x00000000   Number         0  stm32f10x_dma.o ABSOLUTE
    ..\..\Libraries\STM32F10x_StdPeriph_Driver\src\stm32f10x_exti.c 0x00000000   Number         0  stm32f10x_exti.o ABSOLUTE
    ..\..\Libraries\STM32F10x_StdPeriph_Driver\src\stm32f10x_flash.c 0x00000000   Number         0  stm32f10x_flash.o ABSOLUTE
    ..\..\Libraries\STM32F10x_StdPeriph_Driver\src\stm32f10x_fsmc.c 0x00000000   Number         0  stm32f10x_fsmc.o ABSOLUTE
    ..\..\Libraries\STM32F10x_StdPeriph_Driver\src\stm32f10x_gpio.c 0x00000000   Number         0  stm32f10x_gpio.o ABSOLUTE
    ..\..\Libraries\STM32F10x_StdPeriph_Driver\src\stm32f10x_i2c.c 0x00000000   Number         0  stm32f10x_i2c.o ABSOLUTE
    ..\..\Libraries\STM32F10x_StdPeriph_Driver\src\stm32f10x_iwdg.c 0x00000000   Number         0  stm32f10x_iwdg.o ABSOLUTE
    ..\..\Libraries\STM32F10x_StdPeriph_Driver\src\stm32f10x_pwr.c 0x00000000   Number         0  stm32f10x_pwr.o ABSOLUTE
    ..\..\Libraries\STM32F10x_StdPeriph_Driver\src\stm32f10x_rcc.c 0x00000000   Number         0  stm32f10x_rcc.o ABSOLUTE
    ..\..\Libraries\STM32F10x_StdPeriph_Driver\src\stm32f10x_rtc.c 0x00000000   Number         0  stm32f10x_rtc.o ABSOLUTE
    ..\..\Libraries\STM32F10x_StdPeriph_Driver\src\stm32f10x_sdio.c 0x00000000   Number         0  stm32f10x_sdio.o ABSOLUTE
    ..\..\Libraries\STM32F10x_StdPeriph_Driver\src\stm32f10x_spi.c 0x00000000   Number         0  stm32f10x_spi.o ABSOLUTE
    ..\..\Libraries\STM32F10x_StdPeriph_Driver\src\stm32f10x_tim.c 0x00000000   Number         0  stm32f10x_tim.o ABSOLUTE
    ..\..\Libraries\STM32F10x_StdPeriph_Driver\src\stm32f10x_usart.c 0x00000000   Number         0  stm32f10x_usart.o ABSOLUTE
    ..\..\Libraries\STM32F10x_StdPeriph_Driver\src\stm32f10x_wwdg.c 0x00000000   Number         0  stm32f10x_wwdg.o ABSOLUTE
    ..\\..\\Libraries\\CMSIS\\CM3\\CoreSupport\\core_cm3.c 0x00000000   Number         0  core_cm3.o ABSOLUTE
    ..\src\delay.c                           0x00000000   Number         0  delay.o ABSOLUTE
    ..\src\main.c                            0x00000000   Number         0  main.o ABSOLUTE
    ..\src\stm32f10x_it.c                    0x00000000   Number         0  stm32f10x_it.o ABSOLUTE
    ..\src\timer.c                           0x00000000   Number         0  timer.o ABSOLUTE
    OLED_I2C.c                               0x00000000   Number         0  oled_i2c.o ABSOLUTE
    dc.s                                     0x00000000   Number         0  dc.o ABSOLUTE
    RESET                                    0x08000000   Section      304  startup_stm32f10x_hd.o(RESET)
    !!!main                                  0x08000130   Section        8  __main.o(!!!main)
    !!!scatter                               0x08000138   Section       52  __scatter.o(!!!scatter)
    !!dczerorl2                              0x0800016c   Section       90  __dczerorl2.o(!!dczerorl2)
    !!handler_zi                             0x080001c8   Section       28  __scatter_zi.o(!!handler_zi)
    .ARM.Collect$$libinit$$00000000          0x080001e4   Section        2  libinit.o(.ARM.Collect$$libinit$$00000000)
    .ARM.Collect$$libinit$$00000002          0x080001e6   Section        0  libinit2.o(.ARM.Collect$$libinit$$00000002)
    .ARM.Collect$$libinit$$00000004          0x080001e6   Section        0  libinit2.o(.ARM.Collect$$libinit$$00000004)
    .ARM.Collect$$libinit$$0000000A          0x080001e6   Section        0  libinit2.o(.ARM.Collect$$libinit$$0000000A)
    .ARM.Collect$$libinit$$0000000C          0x080001e6   Section        0  libinit2.o(.ARM.Collect$$libinit$$0000000C)
    .ARM.Collect$$libinit$$0000000E          0x080001e6   Section        0  libinit2.o(.ARM.Collect$$libinit$$0000000E)
    .ARM.Collect$$libinit$$00000011          0x080001e6   Section        0  libinit2.o(.ARM.Collect$$libinit$$00000011)
    .ARM.Collect$$libinit$$00000013          0x080001e6   Section        0  libinit2.o(.ARM.Collect$$libinit$$00000013)
    .ARM.Collect$$libinit$$00000015          0x080001e6   Section        0  libinit2.o(.ARM.Collect$$libinit$$00000015)
    .ARM.Collect$$libinit$$00000017          0x080001e6   Section        0  libinit2.o(.ARM.Collect$$libinit$$00000017)
    .ARM.Collect$$libinit$$00000019          0x080001e6   Section        0  libinit2.o(.ARM.Collect$$libinit$$00000019)
    .ARM.Collect$$libinit$$0000001B          0x080001e6   Section        0  libinit2.o(.ARM.Collect$$libinit$$0000001B)
    .ARM.Collect$$libinit$$0000001D          0x080001e6   Section        0  libinit2.o(.ARM.Collect$$libinit$$0000001D)
    .ARM.Collect$$libinit$$0000001F          0x080001e6   Section        0  libinit2.o(.ARM.Collect$$libinit$$0000001F)
    .ARM.Collect$$libinit$$00000021          0x080001e6   Section        0  libinit2.o(.ARM.Collect$$libinit$$00000021)
    .ARM.Collect$$libinit$$00000023          0x080001e6   Section        0  libinit2.o(.ARM.Collect$$libinit$$00000023)
    .ARM.Collect$$libinit$$00000025          0x080001e6   Section        0  libinit2.o(.ARM.Collect$$libinit$$00000025)
    .ARM.Collect$$libinit$$0000002C          0x080001e6   Section        0  libinit2.o(.ARM.Collect$$libinit$$0000002C)
    .ARM.Collect$$libinit$$0000002E          0x080001e6   Section        0  libinit2.o(.ARM.Collect$$libinit$$0000002E)
    .ARM.Collect$$libinit$$00000030          0x080001e6   Section        0  libinit2.o(.ARM.Collect$$libinit$$00000030)
    .ARM.Collect$$libinit$$00000032          0x080001e6   Section        0  libinit2.o(.ARM.Collect$$libinit$$00000032)
    .ARM.Collect$$libinit$$00000033          0x080001e6   Section        2  libinit2.o(.ARM.Collect$$libinit$$00000033)
    .ARM.Collect$$libshutdown$$00000000      0x080001e8   Section        2  libshutdown.o(.ARM.Collect$$libshutdown$$00000000)
    .ARM.Collect$$libshutdown$$00000003      0x080001ea   Section        0  libshutdown2.o(.ARM.Collect$$libshutdown$$00000003)
    .ARM.Collect$$libshutdown$$00000006      0x080001ea   Section        0  libshutdown2.o(.ARM.Collect$$libshutdown$$00000006)
    .ARM.Collect$$libshutdown$$00000009      0x080001ea   Section        0  libshutdown2.o(.ARM.Collect$$libshutdown$$00000009)
    .ARM.Collect$$libshutdown$$0000000B      0x080001ea   Section        0  libshutdown2.o(.ARM.Collect$$libshutdown$$0000000B)
    .ARM.Collect$$libshutdown$$0000000E      0x080001ea   Section        0  libshutdown2.o(.ARM.Collect$$libshutdown$$0000000E)
    .ARM.Collect$$libshutdown$$0000000F      0x080001ea   Section        2  libshutdown2.o(.ARM.Collect$$libshutdown$$0000000F)
    .ARM.Collect$$rtentry$$00000000          0x080001ec   Section        0  __rtentry.o(.ARM.Collect$$rtentry$$00000000)
    .ARM.Collect$$rtentry$$00000002          0x080001ec   Section        0  __rtentry2.o(.ARM.Collect$$rtentry$$00000002)
    .ARM.Collect$$rtentry$$00000004          0x080001ec   Section        6  __rtentry4.o(.ARM.Collect$$rtentry$$00000004)
    .ARM.Collect$$rtentry$$00000009          0x080001f2   Section        0  __rtentry2.o(.ARM.Collect$$rtentry$$00000009)
    .ARM.Collect$$rtentry$$0000000A          0x080001f2   Section        4  __rtentry2.o(.ARM.Collect$$rtentry$$0000000A)
    .ARM.Collect$$rtentry$$0000000C          0x080001f6   Section        0  __rtentry2.o(.ARM.Collect$$rtentry$$0000000C)
    .ARM.Collect$$rtentry$$0000000D          0x080001f6   Section        8  __rtentry2.o(.ARM.Collect$$rtentry$$0000000D)
    .ARM.Collect$$rtexit$$00000000           0x080001fe   Section        2  rtexit.o(.ARM.Collect$$rtexit$$00000000)
    .ARM.Collect$$rtexit$$00000002           0x08000200   Section        0  rtexit2.o(.ARM.Collect$$rtexit$$00000002)
    .ARM.Collect$$rtexit$$00000003           0x08000200   Section        4  rtexit2.o(.ARM.Collect$$rtexit$$00000003)
    .ARM.Collect$$rtexit$$00000004           0x08000204   Section        6  rtexit2.o(.ARM.Collect$$rtexit$$00000004)
    .text                                    0x0800020c   Section        0  main.o(.text)
    .text                                    0x08000404   Section        0  stm32f10x_it.o(.text)
    .text                                    0x0800041e   Section        0  delay.o(.text)
    .text                                    0x08000464   Section        0  timer.o(.text)
    .text                                    0x08000580   Section        0  oled_i2c.o(.text)
    .text                                    0x08000928   Section        0  misc.o(.text)
    .text                                    0x08000a04   Section        0  stm32f10x_exti.o(.text)
    .text                                    0x08000b20   Section        0  stm32f10x_gpio.o(.text)
    .text                                    0x08000e7c   Section        0  stm32f10x_rcc.o(.text)
    .text                                    0x08001220   Section        0  stm32f10x_tim.o(.text)
    TI4_Config                               0x080016c7   Thumb Code   130  stm32f10x_tim.o(.text)
    TI3_Config                               0x0800175b   Thumb Code   122  stm32f10x_tim.o(.text)
    TI2_Config                               0x080017ef   Thumb Code   130  stm32f10x_tim.o(.text)
    TI1_Config                               0x08001883   Thumb Code   108  stm32f10x_tim.o(.text)
    .text                                    0x0800203c   Section        0  stm32f10x_i2c.o(.text)
    .text                                    0x08002440   Section        0  system_stm32f10x.o(.text)
    SetSysClockTo72                          0x08002441   Thumb Code   214  system_stm32f10x.o(.text)
    SetSysClock                              0x08002517   Thumb Code     8  system_stm32f10x.o(.text)
    .text                                    0x08002620   Section       64  startup_stm32f10x_hd.o(.text)
    .text                                    0x08002660   Section        0  heapauxi.o(.text)
    .text                                    0x08002666   Section       74  sys_stackheap_outer.o(.text)
    .text                                    0x080026b0   Section        0  exit.o(.text)
    .text                                    0x080026bc   Section        8  libspace.o(.text)
    .text                                    0x080026c4   Section        0  sys_exit.o(.text)
    .text                                    0x080026d0   Section        2  use_no_semi.o(.text)
    .text                                    0x080026d2   Section        0  indicate_semi.o(.text)
    x$fpl$d2f                                0x080026d4   Section       98  d2f.o(x$fpl$d2f)
    x$fpl$ddiv                               0x08002738   Section      688  ddiv.o(x$fpl$ddiv)
    ddiv_entry                               0x0800273f   Thumb Code     0  ddiv.o(x$fpl$ddiv)
    x$fpl$dflt                               0x080029e8   Section       46  dflt_clz.o(x$fpl$dflt)
    x$fpl$dnaninf                            0x08002a16   Section      156  dnaninf.o(x$fpl$dnaninf)
    x$fpl$dretinf                            0x08002ab2   Section       12  dretinf.o(x$fpl$dretinf)
    x$fpl$fadd                               0x08002ac0   Section      196  faddsub_clz.o(x$fpl$fadd)
    _fadd1                                   0x08002acf   Thumb Code     0  faddsub_clz.o(x$fpl$fadd)
    x$fpl$ffix                               0x08002b84   Section       54  ffix.o(x$fpl$ffix)
    x$fpl$fmul                               0x08002bbc   Section      258  fmul.o(x$fpl$fmul)
    x$fpl$fnaninf                            0x08002cbe   Section      140  fnaninf.o(x$fpl$fnaninf)
    x$fpl$fretinf                            0x08002d4a   Section       10  fretinf.o(x$fpl$fretinf)
    x$fpl$fsub                               0x08002d54   Section      234  faddsub_clz.o(x$fpl$fsub)
    _fsub1                                   0x08002d63   Thumb Code     0  faddsub_clz.o(x$fpl$fsub)
    .constdata                               0x08002e3e   Section     2072  oled_i2c.o(.constdata)
    x$fpl$usenofp                            0x08002e3e   Section        0  usenofp.o(x$fpl$usenofp)
    .data                                    0x20000000   Section       12  main.o(.data)
    .data                                    0x2000000c   Section        1  timer.o(.data)
    .data                                    0x2000000d   Section      416  oled_i2c.o(.data)
    .data                                    0x200001ad   Section       20  stm32f10x_rcc.o(.data)
    APBAHBPrescTable                         0x200001ad   Data          16  stm32f10x_rcc.o(.data)
    ADCPrescTable                            0x200001bd   Data           4  stm32f10x_rcc.o(.data)
    .data                                    0x200001c4   Section       20  system_stm32f10x.o(.data)
    .bss                                     0x200001d8   Section       10  main.o(.bss)
    .bss                                     0x200001e4   Section       96  libspace.o(.bss)
    HEAP                                     0x20000248   Section      512  startup_stm32f10x_hd.o(HEAP)
    Heap_Mem                                 0x20000248   Data         512  startup_stm32f10x_hd.o(HEAP)
    STACK                                    0x20000448   Section     1024  startup_stm32f10x_hd.o(STACK)
    Stack_Mem                                0x20000448   Data        1024  startup_stm32f10x_hd.o(STACK)
    __initial_sp                             0x20000848   Data           0  startup_stm32f10x_hd.o(STACK)

    Global Symbols

    Symbol Name                              Value     Ov Type        Size  Object(Section)

    BuildAttributes$$THM_ISAv4$P$D$K$B$S$PE$A:L22UL41UL21$X:L11$S22US41US21$IEEE1$IW$USESV6$~STKCKD$USESV7$~SHL$OSPACE$ROPI$EBA8$UX$STANDARDLIB$REQ8$PRES8$EABIv2 0x00000000   Number         0  anon$$obj.o ABSOLUTE
    __ARM_use_no_argv                        0x00000000   Number         0  main.o ABSOLUTE
    __ARM_exceptions_init                     - Undefined Weak Reference
    __alloca_initialize                       - Undefined Weak Reference
    __arm_preinit_                            - Undefined Weak Reference
    __cpp_initialize__aeabi_                  - Undefined Weak Reference
    __cxa_finalize                            - Undefined Weak Reference
    __rt_locale                               - Undefined Weak Reference
    __sigvec_lookup                           - Undefined Weak Reference
    _atexit_init                              - Undefined Weak Reference
    _call_atexit_fns                          - Undefined Weak Reference
    _clock_init                               - Undefined Weak Reference
    _fp_trap_init                             - Undefined Weak Reference
    _fp_trap_shutdown                         - Undefined Weak Reference
    _get_lc_collate                           - Undefined Weak Reference
    _get_lc_ctype                             - Undefined Weak Reference
    _get_lc_monetary                          - Undefined Weak Reference
    _get_lc_numeric                           - Undefined Weak Reference
    _get_lc_time                              - Undefined Weak Reference
    _getenv_init                              - Undefined Weak Reference
    _handle_redirection                       - Undefined Weak Reference
    _init_alloc                               - Undefined Weak Reference
    _init_user_alloc                          - Undefined Weak Reference
    _initio                                   - Undefined Weak Reference
    _rand_init                                - Undefined Weak Reference
    _signal_finish                            - Undefined Weak Reference
    _signal_init                              - Undefined Weak Reference
    _terminate_alloc                          - Undefined Weak Reference
    _terminate_user_alloc                     - Undefined Weak Reference
    _terminateio                              - Undefined Weak Reference
    __Vectors_Size                           0x00000130   Number         0  startup_stm32f10x_hd.o ABSOLUTE
    __Vectors                                0x08000000   Data           4  startup_stm32f10x_hd.o(RESET)
    __Vectors_End                            0x08000130   Data           0  startup_stm32f10x_hd.o(RESET)
    __main                                   0x08000131   Thumb Code     8  __main.o(!!!main)
    __scatterload                            0x08000139   Thumb Code     0  __scatter.o(!!!scatter)
    __scatterload_rt2                        0x08000139   Thumb Code    44  __scatter.o(!!!scatter)
    __scatterload_rt2_thumb_only             0x08000139   Thumb Code     0  __scatter.o(!!!scatter)
    __scatterload_null                       0x08000147   Thumb Code     0  __scatter.o(!!!scatter)
    __decompress                             0x0800016d   Thumb Code    90  __dczerorl2.o(!!dczerorl2)
    __decompress1                            0x0800016d   Thumb Code     0  __dczerorl2.o(!!dczerorl2)
    __scatterload_zeroinit                   0x080001c9   Thumb Code    28  __scatter_zi.o(!!handler_zi)
    __rt_lib_init                            0x080001e5   Thumb Code     0  libinit.o(.ARM.Collect$$libinit$$00000000)
    __rt_lib_init_alloca_1                   0x080001e7   Thumb Code     0  libinit2.o(.ARM.Collect$$libinit$$0000002E)
    __rt_lib_init_argv_1                     0x080001e7   Thumb Code     0  libinit2.o(.ARM.Collect$$libinit$$0000002C)
    __rt_lib_init_atexit_1                   0x080001e7   Thumb Code     0  libinit2.o(.ARM.Collect$$libinit$$0000001B)
    __rt_lib_init_clock_1                    0x080001e7   Thumb Code     0  libinit2.o(.ARM.Collect$$libinit$$00000021)
    __rt_lib_init_cpp_1                      0x080001e7   Thumb Code     0  libinit2.o(.ARM.Collect$$libinit$$00000032)
    __rt_lib_init_exceptions_1               0x080001e7   Thumb Code     0  libinit2.o(.ARM.Collect$$libinit$$00000030)
    __rt_lib_init_fp_1                       0x080001e7   Thumb Code     0  libinit2.o(.ARM.Collect$$libinit$$00000002)
    __rt_lib_init_fp_trap_1                  0x080001e7   Thumb Code     0  libinit2.o(.ARM.Collect$$libinit$$0000001F)
    __rt_lib_init_getenv_1                   0x080001e7   Thumb Code     0  libinit2.o(.ARM.Collect$$libinit$$00000023)
    __rt_lib_init_heap_1                     0x080001e7   Thumb Code     0  libinit2.o(.ARM.Collect$$libinit$$0000000A)
    __rt_lib_init_lc_collate_1               0x080001e7   Thumb Code     0  libinit2.o(.ARM.Collect$$libinit$$00000011)
    __rt_lib_init_lc_ctype_1                 0x080001e7   Thumb Code     0  libinit2.o(.ARM.Collect$$libinit$$00000013)
    __rt_lib_init_lc_monetary_1              0x080001e7   Thumb Code     0  libinit2.o(.ARM.Collect$$libinit$$00000015)
    __rt_lib_init_lc_numeric_1               0x080001e7   Thumb Code     0  libinit2.o(.ARM.Collect$$libinit$$00000017)
    __rt_lib_init_lc_time_1                  0x080001e7   Thumb Code     0  libinit2.o(.ARM.Collect$$libinit$$00000019)
    __rt_lib_init_preinit_1                  0x080001e7   Thumb Code     0  libinit2.o(.ARM.Collect$$libinit$$00000004)
    __rt_lib_init_rand_1                     0x080001e7   Thumb Code     0  libinit2.o(.ARM.Collect$$libinit$$0000000E)
    __rt_lib_init_return                     0x080001e7   Thumb Code     0  libinit2.o(.ARM.Collect$$libinit$$00000033)
    __rt_lib_init_signal_1                   0x080001e7   Thumb Code     0  libinit2.o(.ARM.Collect$$libinit$$0000001D)
    __rt_lib_init_stdio_1                    0x080001e7   Thumb Code     0  libinit2.o(.ARM.Collect$$libinit$$00000025)
    __rt_lib_init_user_alloc_1               0x080001e7   Thumb Code     0  libinit2.o(.ARM.Collect$$libinit$$0000000C)
    __rt_lib_shutdown                        0x080001e9   Thumb Code     0  libshutdown.o(.ARM.Collect$$libshutdown$$00000000)
    __rt_lib_shutdown_fp_trap_1              0x080001eb   Thumb Code     0  libshutdown2.o(.ARM.Collect$$libshutdown$$00000006)
    __rt_lib_shutdown_heap_1                 0x080001eb   Thumb Code     0  libshutdown2.o(.ARM.Collect$$libshutdown$$0000000E)
    __rt_lib_shutdown_return                 0x080001eb   Thumb Code     0  libshutdown2.o(.ARM.Collect$$libshutdown$$0000000F)
    __rt_lib_shutdown_signal_1               0x080001eb   Thumb Code     0  libshutdown2.o(.ARM.Collect$$libshutdown$$00000009)
    __rt_lib_shutdown_stdio_1                0x080001eb   Thumb Code     0  libshutdown2.o(.ARM.Collect$$libshutdown$$00000003)
    __rt_lib_shutdown_user_alloc_1           0x080001eb   Thumb Code     0  libshutdown2.o(.ARM.Collect$$libshutdown$$0000000B)
    __rt_entry                               0x080001ed   Thumb Code     0  __rtentry.o(.ARM.Collect$$rtentry$$00000000)
    __rt_entry_presh_1                       0x080001ed   Thumb Code     0  __rtentry2.o(.ARM.Collect$$rtentry$$00000002)
    __rt_entry_sh                            0x080001ed   Thumb Code     0  __rtentry4.o(.ARM.Collect$$rtentry$$00000004)
    __rt_entry_li                            0x080001f3   Thumb Code     0  __rtentry2.o(.ARM.Collect$$rtentry$$0000000A)
    __rt_entry_postsh_1                      0x080001f3   Thumb Code     0  __rtentry2.o(.ARM.Collect$$rtentry$$00000009)
    __rt_entry_main                          0x080001f7   Thumb Code     0  __rtentry2.o(.ARM.Collect$$rtentry$$0000000D)
    __rt_entry_postli_1                      0x080001f7   Thumb Code     0  __rtentry2.o(.ARM.Collect$$rtentry$$0000000C)
    __rt_exit                                0x080001ff   Thumb Code     0  rtexit.o(.ARM.Collect$$rtexit$$00000000)
    __rt_exit_ls                             0x08000201   Thumb Code     0  rtexit2.o(.ARM.Collect$$rtexit$$00000003)
    __rt_exit_prels_1                        0x08000201   Thumb Code     0  rtexit2.o(.ARM.Collect$$rtexit$$00000002)
    __rt_exit_exit                           0x08000205   Thumb Code     0  rtexit2.o(.ARM.Collect$$rtexit$$00000004)
    EXTI_PB1_Init                            0x0800020d   Thumb Code   106  main.o(.text)
    EXTI1_IRQHandler                         0x08000277   Thumb Code    20  main.o(.text)
    main                                     0x0800028b   Thumb Code   352  main.o(.text)
    NMI_Handler                              0x08000405   Thumb Code     2  stm32f10x_it.o(.text)
    HardFault_Handler                        0x08000407   Thumb Code     4  stm32f10x_it.o(.text)
    MemManage_Handler                        0x0800040b   Thumb Code     4  stm32f10x_it.o(.text)
    BusFault_Handler                         0x0800040f   Thumb Code     4  stm32f10x_it.o(.text)
    UsageFault_Handler                       0x08000413   Thumb Code     4  stm32f10x_it.o(.text)
    SVC_Handler                              0x08000417   Thumb Code     2  stm32f10x_it.o(.text)
    DebugMon_Handler                         0x08000419   Thumb Code     2  stm32f10x_it.o(.text)
    PendSV_Handler                           0x0800041b   Thumb Code     2  stm32f10x_it.o(.text)
    SysTick_Handler                          0x0800041d   Thumb Code     2  stm32f10x_it.o(.text)
    delay_us                                 0x0800041f   Thumb Code    28  delay.o(.text)
    delay_ms                                 0x0800043b   Thumb Code    40  delay.o(.text)
    TIM3_Init                                0x08000465   Thumb Code   116  timer.o(.text)
    LED_Blink                                0x080004d9   Thumb Code    44  timer.o(.text)
    TIM3_IRQHandler                          0x08000505   Thumb Code    92  timer.o(.text)
    I2C_Configuration                        0x08000581   Thumb Code   110  oled_i2c.o(.text)
    I2C_WriteByte                            0x080005ef   Thumb Code   126  oled_i2c.o(.text)
    WriteCmd                                 0x0800066d   Thumb Code    14  oled_i2c.o(.text)
    WriteDat                                 0x0800067b   Thumb Code    14  oled_i2c.o(.text)
    OLED_Init                                0x08000689   Thumb Code   178  oled_i2c.o(.text)
    OLED_SetPos                              0x0800073b   Thumb Code    40  oled_i2c.o(.text)
    OLED_Fill                                0x08000763   Thumb Code    58  oled_i2c.o(.text)
    OLED_CLS                                 0x0800079d   Thumb Code    10  oled_i2c.o(.text)
    OLED_ON                                  0x080007a7   Thumb Code    22  oled_i2c.o(.text)
    OLED_OFF                                 0x080007bd   Thumb Code    22  oled_i2c.o(.text)
    OLED_ShowStr                             0x080007d3   Thumb Code   228  oled_i2c.o(.text)
    OLED_ShowCN                              0x080008b7   Thumb Code    80  oled_i2c.o(.text)
    NVIC_PriorityGroupConfig                 0x08000929   Thumb Code    10  misc.o(.text)
    NVIC_Init                                0x08000933   Thumb Code   100  misc.o(.text)
    NVIC_SetVectorTable                      0x08000997   Thumb Code    14  misc.o(.text)
    NVIC_SystemLPConfig                      0x080009a5   Thumb Code    34  misc.o(.text)
    SysTick_CLKSourceConfig                  0x080009c7   Thumb Code    40  misc.o(.text)
    EXTI_DeInit                              0x08000a05   Thumb Code    28  stm32f10x_exti.o(.text)
    EXTI_Init                                0x08000a21   Thumb Code   142  stm32f10x_exti.o(.text)
    EXTI_StructInit                          0x08000aaf   Thumb Code    16  stm32f10x_exti.o(.text)
    EXTI_GenerateSWInterrupt                 0x08000abf   Thumb Code    16  stm32f10x_exti.o(.text)
    EXTI_GetFlagStatus                       0x08000acf   Thumb Code    22  stm32f10x_exti.o(.text)
    EXTI_ClearFlag                           0x08000ae5   Thumb Code     8  stm32f10x_exti.o(.text)
    EXTI_GetITStatus                         0x08000aed   Thumb Code    34  stm32f10x_exti.o(.text)
    EXTI_ClearITPendingBit                   0x08000b0f   Thumb Code     8  stm32f10x_exti.o(.text)
    GPIO_DeInit                              0x08000b21   Thumb Code   172  stm32f10x_gpio.o(.text)
    GPIO_AFIODeInit                          0x08000bcd   Thumb Code    20  stm32f10x_gpio.o(.text)
    GPIO_Init                                0x08000be1   Thumb Code   278  stm32f10x_gpio.o(.text)
    GPIO_StructInit                          0x08000cf7   Thumb Code    16  stm32f10x_gpio.o(.text)
    GPIO_ReadInputDataBit                    0x08000d07   Thumb Code    18  stm32f10x_gpio.o(.text)
    GPIO_ReadInputData                       0x08000d19   Thumb Code     8  stm32f10x_gpio.o(.text)
    GPIO_ReadOutputDataBit                   0x08000d21   Thumb Code    18  stm32f10x_gpio.o(.text)
    GPIO_ReadOutputData                      0x08000d33   Thumb Code     8  stm32f10x_gpio.o(.text)
    GPIO_SetBits                             0x08000d3b   Thumb Code     4  stm32f10x_gpio.o(.text)
    GPIO_ResetBits                           0x08000d3f   Thumb Code     4  stm32f10x_gpio.o(.text)
    GPIO_WriteBit                            0x08000d43   Thumb Code    10  stm32f10x_gpio.o(.text)
    GPIO_Write                               0x08000d4d   Thumb Code     4  stm32f10x_gpio.o(.text)
    GPIO_PinLockConfig                       0x08000d51   Thumb Code    18  stm32f10x_gpio.o(.text)
    GPIO_EventOutputConfig                   0x08000d63   Thumb Code    26  stm32f10x_gpio.o(.text)
    GPIO_EventOutputCmd                      0x08000d7d   Thumb Code     6  stm32f10x_gpio.o(.text)
    GPIO_PinRemapConfig                      0x08000d83   Thumb Code   138  stm32f10x_gpio.o(.text)
    GPIO_EXTILineConfig                      0x08000e0d   Thumb Code    66  stm32f10x_gpio.o(.text)
    GPIO_ETH_MediaInterfaceConfig            0x08000e4f   Thumb Code     8  stm32f10x_gpio.o(.text)
    RCC_DeInit                               0x08000e7d   Thumb Code    64  stm32f10x_rcc.o(.text)
    RCC_HSEConfig                            0x08000ebd   Thumb Code    70  stm32f10x_rcc.o(.text)
    RCC_GetFlagStatus                        0x08000f03   Thumb Code    56  stm32f10x_rcc.o(.text)
    RCC_WaitForHSEStartUp                    0x08000f3b   Thumb Code    56  stm32f10x_rcc.o(.text)
    RCC_AdjustHSICalibrationValue            0x08000f73   Thumb Code    20  stm32f10x_rcc.o(.text)
    RCC_HSICmd                               0x08000f87   Thumb Code     6  stm32f10x_rcc.o(.text)
    RCC_PLLConfig                            0x08000f8d   Thumb Code    24  stm32f10x_rcc.o(.text)
    RCC_PLLCmd                               0x08000fa5   Thumb Code     6  stm32f10x_rcc.o(.text)
    RCC_SYSCLKConfig                         0x08000fab   Thumb Code    18  stm32f10x_rcc.o(.text)
    RCC_GetSYSCLKSource                      0x08000fbd   Thumb Code    10  stm32f10x_rcc.o(.text)
    RCC_HCLKConfig                           0x08000fc7   Thumb Code    18  stm32f10x_rcc.o(.text)
    RCC_PCLK1Config                          0x08000fd9   Thumb Code    18  stm32f10x_rcc.o(.text)
    RCC_PCLK2Config                          0x08000feb   Thumb Code    20  stm32f10x_rcc.o(.text)
    RCC_ITConfig                             0x08000fff   Thumb Code    26  stm32f10x_rcc.o(.text)
    RCC_USBCLKConfig                         0x08001019   Thumb Code     8  stm32f10x_rcc.o(.text)
    RCC_ADCCLKConfig                         0x08001021   Thumb Code    18  stm32f10x_rcc.o(.text)
    RCC_LSEConfig                            0x08001033   Thumb Code    50  stm32f10x_rcc.o(.text)
    RCC_LSICmd                               0x08001065   Thumb Code     6  stm32f10x_rcc.o(.text)
    RCC_RTCCLKConfig                         0x0800106b   Thumb Code    12  stm32f10x_rcc.o(.text)
    RCC_RTCCLKCmd                            0x08001077   Thumb Code     8  stm32f10x_rcc.o(.text)
    RCC_GetClocksFreq                        0x0800107f   Thumb Code   192  stm32f10x_rcc.o(.text)
    RCC_AHBPeriphClockCmd                    0x0800113f   Thumb Code    26  stm32f10x_rcc.o(.text)
    RCC_APB2PeriphClockCmd                   0x08001159   Thumb Code    26  stm32f10x_rcc.o(.text)
    RCC_APB1PeriphClockCmd                   0x08001173   Thumb Code    26  stm32f10x_rcc.o(.text)
    RCC_APB2PeriphResetCmd                   0x0800118d   Thumb Code    26  stm32f10x_rcc.o(.text)
    RCC_APB1PeriphResetCmd                   0x080011a7   Thumb Code    26  stm32f10x_rcc.o(.text)
    RCC_BackupResetCmd                       0x080011c1   Thumb Code     8  stm32f10x_rcc.o(.text)
    RCC_ClockSecuritySystemCmd               0x080011c9   Thumb Code     6  stm32f10x_rcc.o(.text)
    RCC_MCOConfig                            0x080011cf   Thumb Code     6  stm32f10x_rcc.o(.text)
    RCC_ClearFlag                            0x080011d5   Thumb Code    14  stm32f10x_rcc.o(.text)
    RCC_GetITStatus                          0x080011e3   Thumb Code    20  stm32f10x_rcc.o(.text)
    RCC_ClearITPendingBit                    0x080011f7   Thumb Code     6  stm32f10x_rcc.o(.text)
    TIM_DeInit                               0x08001221   Thumb Code   424  stm32f10x_tim.o(.text)
    TIM_TimeBaseInit                         0x080013c9   Thumb Code   122  stm32f10x_tim.o(.text)
    TIM_OC1Init                              0x08001443   Thumb Code   132  stm32f10x_tim.o(.text)
    TIM_OC2Init                              0x080014c7   Thumb Code   154  stm32f10x_tim.o(.text)
    TIM_OC3Init                              0x08001561   Thumb Code   150  stm32f10x_tim.o(.text)
    TIM_OC4Init                              0x080015f7   Thumb Code   182  stm32f10x_tim.o(.text)
    TIM_SetIC4Prescaler                      0x080016ad   Thumb Code    26  stm32f10x_tim.o(.text)
    TIM_SetIC3Prescaler                      0x08001749   Thumb Code    18  stm32f10x_tim.o(.text)
    TIM_SetIC2Prescaler                      0x080017d5   Thumb Code    26  stm32f10x_tim.o(.text)
    TIM_SetIC1Prescaler                      0x08001871   Thumb Code    18  stm32f10x_tim.o(.text)
    TIM_ICInit                               0x080018ef   Thumb Code   150  stm32f10x_tim.o(.text)
    TIM_PWMIConfig                           0x08001985   Thumb Code   124  stm32f10x_tim.o(.text)
    TIM_BDTRConfig                           0x08001a01   Thumb Code    32  stm32f10x_tim.o(.text)
    TIM_TimeBaseStructInit                   0x08001a21   Thumb Code    18  stm32f10x_tim.o(.text)
    TIM_OCStructInit                         0x08001a33   Thumb Code    20  stm32f10x_tim.o(.text)
    TIM_ICStructInit                         0x08001a47   Thumb Code    18  stm32f10x_tim.o(.text)
    TIM_BDTRStructInit                       0x08001a59   Thumb Code    40  stm32f10x_tim.o(.text)
    TIM_Cmd                                  0x08001a81   Thumb Code    24  stm32f10x_tim.o(.text)
    TIM_CtrlPWMOutputs                       0x08001a99   Thumb Code    30  stm32f10x_tim.o(.text)
    TIM_ITConfig                             0x08001ab7   Thumb Code    18  stm32f10x_tim.o(.text)
    TIM_GenerateEvent                        0x08001ac9   Thumb Code     4  stm32f10x_tim.o(.text)
    TIM_DMAConfig                            0x08001acd   Thumb Code    10  stm32f10x_tim.o(.text)
    TIM_DMACmd                               0x08001ad7   Thumb Code    18  stm32f10x_tim.o(.text)
    TIM_InternalClockConfig                  0x08001ae9   Thumb Code    12  stm32f10x_tim.o(.text)
    TIM_SelectInputTrigger                   0x08001af5   Thumb Code    18  stm32f10x_tim.o(.text)
    TIM_ITRxExternalClockConfig              0x08001b07   Thumb Code    24  stm32f10x_tim.o(.text)
    TIM_TIxExternalClockConfig               0x08001b1f   Thumb Code    62  stm32f10x_tim.o(.text)
    TIM_ETRConfig                            0x08001b5d   Thumb Code    28  stm32f10x_tim.o(.text)
    TIM_ETRClockMode1Config                  0x08001b79   Thumb Code    54  stm32f10x_tim.o(.text)
    TIM_ETRClockMode2Config                  0x08001baf   Thumb Code    32  stm32f10x_tim.o(.text)
    TIM_PrescalerConfig                      0x08001bcf   Thumb Code     6  stm32f10x_tim.o(.text)
    TIM_CounterModeConfig                    0x08001bd5   Thumb Code    18  stm32f10x_tim.o(.text)
    TIM_EncoderInterfaceConfig               0x08001be7   Thumb Code    66  stm32f10x_tim.o(.text)
    TIM_ForcedOC1Config                      0x08001c29   Thumb Code    18  stm32f10x_tim.o(.text)
    TIM_ForcedOC2Config                      0x08001c3b   Thumb Code    26  stm32f10x_tim.o(.text)
    TIM_ForcedOC3Config                      0x08001c55   Thumb Code    18  stm32f10x_tim.o(.text)
    TIM_ForcedOC4Config                      0x08001c67   Thumb Code    26  stm32f10x_tim.o(.text)
    TIM_ARRPreloadConfig                     0x08001c81   Thumb Code    24  stm32f10x_tim.o(.text)
    TIM_SelectCOM                            0x08001c99   Thumb Code    24  stm32f10x_tim.o(.text)
    TIM_SelectCCDMA                          0x08001cb1   Thumb Code    24  stm32f10x_tim.o(.text)
    TIM_CCPreloadControl                     0x08001cc9   Thumb Code    24  stm32f10x_tim.o(.text)
    TIM_OC1PreloadConfig                     0x08001ce1   Thumb Code    18  stm32f10x_tim.o(.text)
    TIM_OC2PreloadConfig                     0x08001cf3   Thumb Code    26  stm32f10x_tim.o(.text)
    TIM_OC3PreloadConfig                     0x08001d0d   Thumb Code    18  stm32f10x_tim.o(.text)
    TIM_OC4PreloadConfig                     0x08001d1f   Thumb Code    26  stm32f10x_tim.o(.text)
    TIM_OC1FastConfig                        0x08001d39   Thumb Code    18  stm32f10x_tim.o(.text)
    TIM_OC2FastConfig                        0x08001d4b   Thumb Code    26  stm32f10x_tim.o(.text)
    TIM_OC3FastConfig                        0x08001d65   Thumb Code    18  stm32f10x_tim.o(.text)
    TIM_OC4FastConfig                        0x08001d77   Thumb Code    26  stm32f10x_tim.o(.text)
    TIM_ClearOC1Ref                          0x08001d91   Thumb Code    18  stm32f10x_tim.o(.text)
    TIM_ClearOC2Ref                          0x08001da3   Thumb Code    24  stm32f10x_tim.o(.text)
    TIM_ClearOC3Ref                          0x08001dbb   Thumb Code    18  stm32f10x_tim.o(.text)
    TIM_ClearOC4Ref                          0x08001dcd   Thumb Code    24  stm32f10x_tim.o(.text)
    TIM_OC1PolarityConfig                    0x08001de5   Thumb Code    18  stm32f10x_tim.o(.text)
    TIM_OC1NPolarityConfig                   0x08001df7   Thumb Code    18  stm32f10x_tim.o(.text)
    TIM_OC2PolarityConfig                    0x08001e09   Thumb Code    26  stm32f10x_tim.o(.text)
    TIM_OC2NPolarityConfig                   0x08001e23   Thumb Code    26  stm32f10x_tim.o(.text)
    TIM_OC3PolarityConfig                    0x08001e3d   Thumb Code    26  stm32f10x_tim.o(.text)
    TIM_OC3NPolarityConfig                   0x08001e57   Thumb Code    26  stm32f10x_tim.o(.text)
    TIM_OC4PolarityConfig                    0x08001e71   Thumb Code    26  stm32f10x_tim.o(.text)
    TIM_CCxCmd                               0x08001e8b   Thumb Code    30  stm32f10x_tim.o(.text)
    TIM_CCxNCmd                              0x08001ea9   Thumb Code    30  stm32f10x_tim.o(.text)
    TIM_SelectOCxM                           0x08001ec7   Thumb Code    82  stm32f10x_tim.o(.text)
    TIM_UpdateDisableConfig                  0x08001f19   Thumb Code    24  stm32f10x_tim.o(.text)
    TIM_UpdateRequestConfig                  0x08001f31   Thumb Code    24  stm32f10x_tim.o(.text)
    TIM_SelectHallSensor                     0x08001f49   Thumb Code    24  stm32f10x_tim.o(.text)
    TIM_SelectOnePulseMode                   0x08001f61   Thumb Code    18  stm32f10x_tim.o(.text)
    TIM_SelectOutputTrigger                  0x08001f73   Thumb Code    18  stm32f10x_tim.o(.text)
    TIM_SelectSlaveMode                      0x08001f85   Thumb Code    18  stm32f10x_tim.o(.text)
    TIM_SelectMasterSlaveMode                0x08001f97   Thumb Code    18  stm32f10x_tim.o(.text)
    TIM_SetCounter                           0x08001fa9   Thumb Code     4  stm32f10x_tim.o(.text)
    TIM_SetAutoreload                        0x08001fad   Thumb Code     4  stm32f10x_tim.o(.text)
    TIM_SetCompare1                          0x08001fb1   Thumb Code     4  stm32f10x_tim.o(.text)
    TIM_SetCompare2                          0x08001fb5   Thumb Code     4  stm32f10x_tim.o(.text)
    TIM_SetCompare3                          0x08001fb9   Thumb Code     4  stm32f10x_tim.o(.text)
    TIM_SetCompare4                          0x08001fbd   Thumb Code     6  stm32f10x_tim.o(.text)
    TIM_SetClockDivision                     0x08001fc3   Thumb Code    18  stm32f10x_tim.o(.text)
    TIM_GetCapture1                          0x08001fd5   Thumb Code     6  stm32f10x_tim.o(.text)
    TIM_GetCapture2                          0x08001fdb   Thumb Code     6  stm32f10x_tim.o(.text)
    TIM_GetCapture3                          0x08001fe1   Thumb Code     6  stm32f10x_tim.o(.text)
    TIM_GetCapture4                          0x08001fe7   Thumb Code     8  stm32f10x_tim.o(.text)
    TIM_GetCounter                           0x08001fef   Thumb Code     6  stm32f10x_tim.o(.text)
    TIM_GetPrescaler                         0x08001ff5   Thumb Code     6  stm32f10x_tim.o(.text)
    TIM_GetFlagStatus                        0x08001ffb   Thumb Code    18  stm32f10x_tim.o(.text)
    TIM_ClearFlag                            0x0800200d   Thumb Code     6  stm32f10x_tim.o(.text)
    TIM_GetITStatus                          0x08002013   Thumb Code    34  stm32f10x_tim.o(.text)
    TIM_ClearITPendingBit                    0x08002035   Thumb Code     6  stm32f10x_tim.o(.text)
    I2C_DeInit                               0x0800203d   Thumb Code    50  stm32f10x_i2c.o(.text)
    I2C_Init                                 0x0800206f   Thumb Code   222  stm32f10x_i2c.o(.text)
    I2C_StructInit                           0x0800214d   Thumb Code    30  stm32f10x_i2c.o(.text)
    I2C_Cmd                                  0x0800216b   Thumb Code    24  stm32f10x_i2c.o(.text)
    I2C_DMACmd                               0x08002183   Thumb Code    24  stm32f10x_i2c.o(.text)
    I2C_DMALastTransferCmd                   0x0800219b   Thumb Code    24  stm32f10x_i2c.o(.text)
    I2C_GenerateSTART                        0x080021b3   Thumb Code    24  stm32f10x_i2c.o(.text)
    I2C_GenerateSTOP                         0x080021cb   Thumb Code    24  stm32f10x_i2c.o(.text)
    I2C_AcknowledgeConfig                    0x080021e3   Thumb Code    24  stm32f10x_i2c.o(.text)
    I2C_OwnAddress2Config                    0x080021fb   Thumb Code    22  stm32f10x_i2c.o(.text)
    I2C_DualAddressCmd                       0x08002211   Thumb Code    24  stm32f10x_i2c.o(.text)
    I2C_GeneralCallCmd                       0x08002229   Thumb Code    24  stm32f10x_i2c.o(.text)
    I2C_ITConfig                             0x08002241   Thumb Code    18  stm32f10x_i2c.o(.text)
    I2C_SendData                             0x08002253   Thumb Code     4  stm32f10x_i2c.o(.text)
    I2C_ReceiveData                          0x08002257   Thumb Code     8  stm32f10x_i2c.o(.text)
    I2C_Send7bitAddress                      0x0800225f   Thumb Code    18  stm32f10x_i2c.o(.text)
    I2C_ReadRegister                         0x08002271   Thumb Code    22  stm32f10x_i2c.o(.text)
    I2C_SoftwareResetCmd                     0x08002287   Thumb Code    22  stm32f10x_i2c.o(.text)
    I2C_NACKPositionConfig                   0x0800229d   Thumb Code    28  stm32f10x_i2c.o(.text)
    I2C_SMBusAlertConfig                     0x080022b9   Thumb Code    28  stm32f10x_i2c.o(.text)
    I2C_TransmitPEC                          0x080022d5   Thumb Code    24  stm32f10x_i2c.o(.text)
    I2C_PECPositionConfig                    0x080022ed   Thumb Code    28  stm32f10x_i2c.o(.text)
    I2C_CalculatePEC                         0x08002309   Thumb Code    24  stm32f10x_i2c.o(.text)
    I2C_GetPEC                               0x08002321   Thumb Code     8  stm32f10x_i2c.o(.text)
    I2C_ARPCmd                               0x08002329   Thumb Code    24  stm32f10x_i2c.o(.text)
    I2C_StretchClockCmd                      0x08002341   Thumb Code    24  stm32f10x_i2c.o(.text)
    I2C_FastModeDutyCycleConfig              0x08002359   Thumb Code    28  stm32f10x_i2c.o(.text)
    I2C_CheckEvent                           0x08002375   Thumb Code    42  stm32f10x_i2c.o(.text)
    I2C_GetLastEvent                         0x0800239f   Thumb Code    26  stm32f10x_i2c.o(.text)
    I2C_GetFlagStatus                        0x080023b9   Thumb Code    58  stm32f10x_i2c.o(.text)
    I2C_ClearFlag                            0x080023f3   Thumb Code    12  stm32f10x_i2c.o(.text)
    I2C_GetITStatus                          0x080023ff   Thumb Code    54  stm32f10x_i2c.o(.text)
    I2C_ClearITPendingBit                    0x08002435   Thumb Code    12  stm32f10x_i2c.o(.text)
    SystemInit                               0x0800251f   Thumb Code    78  system_stm32f10x.o(.text)
    SystemCoreClockUpdate                    0x0800256d   Thumb Code   142  system_stm32f10x.o(.text)
    Reset_Handler                            0x08002621   Thumb Code     8  startup_stm32f10x_hd.o(.text)
    ADC1_2_IRQHandler                        0x0800263b   Thumb Code     0  startup_stm32f10x_hd.o(.text)
    ADC3_IRQHandler                          0x0800263b   Thumb Code     0  startup_stm32f10x_hd.o(.text)
    CAN1_RX1_IRQHandler                      0x0800263b   Thumb Code     0  startup_stm32f10x_hd.o(.text)
    CAN1_SCE_IRQHandler                      0x0800263b   Thumb Code     0  startup_stm32f10x_hd.o(.text)
    DMA1_Channel1_IRQHandler                 0x0800263b   Thumb Code     0  startup_stm32f10x_hd.o(.text)
    DMA1_Channel2_IRQHandler                 0x0800263b   Thumb Code     0  startup_stm32f10x_hd.o(.text)
    DMA1_Channel3_IRQHandler                 0x0800263b   Thumb Code     0  startup_stm32f10x_hd.o(.text)
    DMA1_Channel4_IRQHandler                 0x0800263b   Thumb Code     0  startup_stm32f10x_hd.o(.text)
    DMA1_Channel5_IRQHandler                 0x0800263b   Thumb Code     0  startup_stm32f10x_hd.o(.text)
    DMA1_Channel6_IRQHandler                 0x0800263b   Thumb Code     0  startup_stm32f10x_hd.o(.text)
    DMA1_Channel7_IRQHandler                 0x0800263b   Thumb Code     0  startup_stm32f10x_hd.o(.text)
    DMA2_Channel1_IRQHandler                 0x0800263b   Thumb Code     0  startup_stm32f10x_hd.o(.text)
    DMA2_Channel2_IRQHandler                 0x0800263b   Thumb Code     0  startup_stm32f10x_hd.o(.text)
    DMA2_Channel3_IRQHandler                 0x0800263b   Thumb Code     0  startup_stm32f10x_hd.o(.text)
    DMA2_Channel4_5_IRQHandler               0x0800263b   Thumb Code     0  startup_stm32f10x_hd.o(.text)
    EXTI0_IRQHandler                         0x0800263b   Thumb Code     0  startup_stm32f10x_hd.o(.text)
    EXTI15_10_IRQHandler                     0x0800263b   Thumb Code     0  startup_stm32f10x_hd.o(.text)
    EXTI2_IRQHandler                         0x0800263b   Thumb Code     0  startup_stm32f10x_hd.o(.text)
    EXTI3_IRQHandler                         0x0800263b   Thumb Code     0  startup_stm32f10x_hd.o(.text)
    EXTI4_IRQHandler                         0x0800263b   Thumb Code     0  startup_stm32f10x_hd.o(.text)
    EXTI9_5_IRQHandler                       0x0800263b   Thumb Code     0  startup_stm32f10x_hd.o(.text)
    FLASH_IRQHandler                         0x0800263b   Thumb Code     0  startup_stm32f10x_hd.o(.text)
    FSMC_IRQHandler                          0x0800263b   Thumb Code     0  startup_stm32f10x_hd.o(.text)
    I2C1_ER_IRQHandler                       0x0800263b   Thumb Code     0  startup_stm32f10x_hd.o(.text)
    I2C1_EV_IRQHandler                       0x0800263b   Thumb Code     0  startup_stm32f10x_hd.o(.text)
    I2C2_ER_IRQHandler                       0x0800263b   Thumb Code     0  startup_stm32f10x_hd.o(.text)
    I2C2_EV_IRQHandler                       0x0800263b   Thumb Code     0  startup_stm32f10x_hd.o(.text)
    PVD_IRQHandler                           0x0800263b   Thumb Code     0  startup_stm32f10x_hd.o(.text)
    RCC_IRQHandler                           0x0800263b   Thumb Code     0  startup_stm32f10x_hd.o(.text)
    RTCAlarm_IRQHandler                      0x0800263b   Thumb Code     0  startup_stm32f10x_hd.o(.text)
    RTC_IRQHandler                           0x0800263b   Thumb Code     0  startup_stm32f10x_hd.o(.text)
    SDIO_IRQHandler                          0x0800263b   Thumb Code     0  startup_stm32f10x_hd.o(.text)
    SPI1_IRQHandler                          0x0800263b   Thumb Code     0  startup_stm32f10x_hd.o(.text)
    SPI2_IRQHandler                          0x0800263b   Thumb Code     0  startup_stm32f10x_hd.o(.text)
    SPI3_IRQHandler                          0x0800263b   Thumb Code     0  startup_stm32f10x_hd.o(.text)
    TAMPER_IRQHandler                        0x0800263b   Thumb Code     0  startup_stm32f10x_hd.o(.text)
    TIM1_BRK_IRQHandler                      0x0800263b   Thumb Code     0  startup_stm32f10x_hd.o(.text)
    TIM1_CC_IRQHandler                       0x0800263b   Thumb Code     0  startup_stm32f10x_hd.o(.text)
    TIM1_TRG_COM_IRQHandler                  0x0800263b   Thumb Code     0  startup_stm32f10x_hd.o(.text)
    TIM1_UP_IRQHandler                       0x0800263b   Thumb Code     0  startup_stm32f10x_hd.o(.text)
    TIM2_IRQHandler                          0x0800263b   Thumb Code     0  startup_stm32f10x_hd.o(.text)
    TIM4_IRQHandler                          0x0800263b   Thumb Code     0  startup_stm32f10x_hd.o(.text)
    TIM5_IRQHandler                          0x0800263b   Thumb Code     0  startup_stm32f10x_hd.o(.text)
    TIM6_IRQHandler                          0x0800263b   Thumb Code     0  startup_stm32f10x_hd.o(.text)
    TIM7_IRQHandler                          0x0800263b   Thumb Code     0  startup_stm32f10x_hd.o(.text)
    TIM8_BRK_IRQHandler                      0x0800263b   Thumb Code     0  startup_stm32f10x_hd.o(.text)
    TIM8_CC_IRQHandler                       0x0800263b   Thumb Code     0  startup_stm32f10x_hd.o(.text)
    TIM8_TRG_COM_IRQHandler                  0x0800263b   Thumb Code     0  startup_stm32f10x_hd.o(.text)
    TIM8_UP_IRQHandler                       0x0800263b   Thumb Code     0  startup_stm32f10x_hd.o(.text)
    UART4_IRQHandler                         0x0800263b   Thumb Code     0  startup_stm32f10x_hd.o(.text)
    UART5_IRQHandler                         0x0800263b   Thumb Code     0  startup_stm32f10x_hd.o(.text)
    USART1_IRQHandler                        0x0800263b   Thumb Code     0  startup_stm32f10x_hd.o(.text)
    USART2_IRQHandler                        0x0800263b   Thumb Code     0  startup_stm32f10x_hd.o(.text)
    USART3_IRQHandler                        0x0800263b   Thumb Code     0  startup_stm32f10x_hd.o(.text)
    USBWakeUp_IRQHandler                     0x0800263b   Thumb Code     0  startup_stm32f10x_hd.o(.text)
    USB_HP_CAN1_TX_IRQHandler                0x0800263b   Thumb Code     0  startup_stm32f10x_hd.o(.text)
    USB_LP_CAN1_RX0_IRQHandler               0x0800263b   Thumb Code     0  startup_stm32f10x_hd.o(.text)
    WWDG_IRQHandler                          0x0800263b   Thumb Code     0  startup_stm32f10x_hd.o(.text)
    __user_initial_stackheap                 0x0800263d   Thumb Code     0  startup_stm32f10x_hd.o(.text)
    __use_two_region_memory                  0x08002661   Thumb Code     2  heapauxi.o(.text)
    __rt_heap_escrow$2region                 0x08002663   Thumb Code     2  heapauxi.o(.text)
    __rt_heap_expand$2region                 0x08002665   Thumb Code     2  heapauxi.o(.text)
    __user_setup_stackheap                   0x08002667   Thumb Code    74  sys_stackheap_outer.o(.text)
    exit                                     0x080026b1   Thumb Code    12  exit.o(.text)
    __user_libspace                          0x080026bd   Thumb Code     8  libspace.o(.text)
    __user_perproc_libspace                  0x080026bd   Thumb Code     0  libspace.o(.text)
    __user_perthread_libspace                0x080026bd   Thumb Code     0  libspace.o(.text)
    _sys_exit                                0x080026c5   Thumb Code     8  sys_exit.o(.text)
    __I$use$semihosting                      0x080026d1   Thumb Code     0  use_no_semi.o(.text)
    __use_no_semihosting_swi                 0x080026d1   Thumb Code     2  use_no_semi.o(.text)
    __semihosting_library_function           0x080026d3   Thumb Code     0  indicate_semi.o(.text)
    __aeabi_d2f                              0x080026d5   Thumb Code     0  d2f.o(x$fpl$d2f)
    _d2f                                     0x080026d5   Thumb Code    98  d2f.o(x$fpl$d2f)
    __aeabi_ddiv                             0x08002739   Thumb Code     0  ddiv.o(x$fpl$ddiv)
    _ddiv                                    0x08002739   Thumb Code   552  ddiv.o(x$fpl$ddiv)
    __aeabi_i2d                              0x080029e9   Thumb Code     0  dflt_clz.o(x$fpl$dflt)
    _dflt                                    0x080029e9   Thumb Code    46  dflt_clz.o(x$fpl$dflt)
    __fpl_dnaninf                            0x08002a17   Thumb Code   156  dnaninf.o(x$fpl$dnaninf)
    __fpl_dretinf                            0x08002ab3   Thumb Code    12  dretinf.o(x$fpl$dretinf)
    __aeabi_fadd                             0x08002ac1   Thumb Code     0  faddsub_clz.o(x$fpl$fadd)
    _fadd                                    0x08002ac1   Thumb Code   196  faddsub_clz.o(x$fpl$fadd)
    __aeabi_f2iz                             0x08002b85   Thumb Code     0  ffix.o(x$fpl$ffix)
    _ffix                                    0x08002b85   Thumb Code    54  ffix.o(x$fpl$ffix)
    __aeabi_fmul                             0x08002bbd   Thumb Code     0  fmul.o(x$fpl$fmul)
    _fmul                                    0x08002bbd   Thumb Code   258  fmul.o(x$fpl$fmul)
    __fpl_fnaninf                            0x08002cbf   Thumb Code   140  fnaninf.o(x$fpl$fnaninf)
    __fpl_fretinf                            0x08002d4b   Thumb Code    10  fretinf.o(x$fpl$fretinf)
    __aeabi_fsub                             0x08002d55   Thumb Code     0  faddsub_clz.o(x$fpl$fsub)
    _fsub                                    0x08002d55   Thumb Code   234  faddsub_clz.o(x$fpl$fsub)
    F6x8                                     0x08002e3e   Data         552  oled_i2c.o(.constdata)
    __I$use$fp                               0x08002e3e   Number         0  usenofp.o(x$fpl$usenofp)
    F8X16                                    0x08003066   Data        1520  oled_i2c.o(.constdata)
    Region$$Table$$Base                      0x08003658   Number         0  anon$$obj.o(Region$$Table)
    Region$$Table$$Limit                     0x08003678   Number         0  anon$$obj.o(Region$$Table)
    count                                    0x20000000   Data           4  main.o(.data)
    flow                                     0x20000004   Data           4  main.o(.data)
    speed                                    0x20000008   Data           4  main.o(.data)
    LED_TAG                                  0x2000000c   Data           1  timer.o(.data)
    F16x16                                   0x2000000d   Data         416  oled_i2c.o(.data)
    SystemCoreClock                          0x200001c4   Data           4  system_stm32f10x.o(.data)
    AHBPrescTable                            0x200001c8   Data          16  system_stm32f10x.o(.data)
    buff                                     0x200001d8   Data          10  main.o(.bss)
    __libspace_start                         0x200001e4   Data          96  libspace.o(.bss)
    __temporary_stack_top$libspace           0x20000244   Data           0  libspace.o(.bss)



==============================================================================

Memory Map of the image

  Image Entry point : 0x08000131

  Load Region LR_IROM1 (Base: 0x08000000, Size: 0x00003850, Max: 0x00010000, ABSOLUTE, COMPRESSED[0x000037f4])

    Execution Region ER_IROM1 (Base: 0x08000000, Size: 0x00003678, Max: 0x00010000, ABSOLUTE)

    Base Addr    Size         Type   Attr      Idx    E Section Name        Object

    0x08000000   0x00000130   Data   RO          486    RESET               startup_stm32f10x_hd.o
    0x08000130   0x00000008   Code   RO          495  * !!!main             c_w.l(__main.o)
    0x08000138   0x00000034   Code   RO          686    !!!scatter          c_w.l(__scatter.o)
    0x0800016c   0x0000005a   Code   RO          684    !!dczerorl2         c_w.l(__dczerorl2.o)
    0x080001c6   0x00000002   PAD
    0x080001c8   0x0000001c   Code   RO          688    !!handler_zi        c_w.l(__scatter_zi.o)
    0x080001e4   0x00000002   Code   RO          555    .ARM.Collect$$libinit$$00000000  c_w.l(libinit.o)
    0x080001e6   0x00000000   Code   RO          562    .ARM.Collect$$libinit$$00000002  c_w.l(libinit2.o)
    0x080001e6   0x00000000   Code   RO          564    .ARM.Collect$$libinit$$00000004  c_w.l(libinit2.o)
    0x080001e6   0x00000000   Code   RO          567    .ARM.Collect$$libinit$$0000000A  c_w.l(libinit2.o)
    0x080001e6   0x00000000   Code   RO          569    .ARM.Collect$$libinit$$0000000C  c_w.l(libinit2.o)
    0x080001e6   0x00000000   Code   RO          571    .ARM.Collect$$libinit$$0000000E  c_w.l(libinit2.o)
    0x080001e6   0x00000000   Code   RO          574    .ARM.Collect$$libinit$$00000011  c_w.l(libinit2.o)
    0x080001e6   0x00000000   Code   RO          576    .ARM.Collect$$libinit$$00000013  c_w.l(libinit2.o)
    0x080001e6   0x00000000   Code   RO          578    .ARM.Collect$$libinit$$00000015  c_w.l(libinit2.o)
    0x080001e6   0x00000000   Code   RO          580    .ARM.Collect$$libinit$$00000017  c_w.l(libinit2.o)
    0x080001e6   0x00000000   Code   RO          582    .ARM.Collect$$libinit$$00000019  c_w.l(libinit2.o)
    0x080001e6   0x00000000   Code   RO          584    .ARM.Collect$$libinit$$0000001B  c_w.l(libinit2.o)
    0x080001e6   0x00000000   Code   RO          586    .ARM.Collect$$libinit$$0000001D  c_w.l(libinit2.o)
    0x080001e6   0x00000000   Code   RO          588    .ARM.Collect$$libinit$$0000001F  c_w.l(libinit2.o)
    0x080001e6   0x00000000   Code   RO          590    .ARM.Collect$$libinit$$00000021  c_w.l(libinit2.o)
    0x080001e6   0x00000000   Code   RO          592    .ARM.Collect$$libinit$$00000023  c_w.l(libinit2.o)
    0x080001e6   0x00000000   Code   RO          594    .ARM.Collect$$libinit$$00000025  c_w.l(libinit2.o)
    0x080001e6   0x00000000   Code   RO          598    .ARM.Collect$$libinit$$0000002C  c_w.l(libinit2.o)
    0x080001e6   0x00000000   Code   RO          600    .ARM.Collect$$libinit$$0000002E  c_w.l(libinit2.o)
    0x080001e6   0x00000000   Code   RO          602    .ARM.Collect$$libinit$$00000030  c_w.l(libinit2.o)
    0x080001e6   0x00000000   Code   RO          604    .ARM.Collect$$libinit$$00000032  c_w.l(libinit2.o)
    0x080001e6   0x00000002   Code   RO          605    .ARM.Collect$$libinit$$00000033  c_w.l(libinit2.o)
    0x080001e8   0x00000002   Code   RO          625    .ARM.Collect$$libshutdown$$00000000  c_w.l(libshutdown.o)
    0x080001ea   0x00000000   Code   RO          639    .ARM.Collect$$libshutdown$$00000003  c_w.l(libshutdown2.o)
    0x080001ea   0x00000000   Code   RO          642    .ARM.Collect$$libshutdown$$00000006  c_w.l(libshutdown2.o)
    0x080001ea   0x00000000   Code   RO          645    .ARM.Collect$$libshutdown$$00000009  c_w.l(libshutdown2.o)
    0x080001ea   0x00000000   Code   RO          647    .ARM.Collect$$libshutdown$$0000000B  c_w.l(libshutdown2.o)
    0x080001ea   0x00000000   Code   RO          650    .ARM.Collect$$libshutdown$$0000000E  c_w.l(libshutdown2.o)
    0x080001ea   0x00000002   Code   RO          651    .ARM.Collect$$libshutdown$$0000000F  c_w.l(libshutdown2.o)
    0x080001ec   0x00000000   Code   RO          521    .ARM.Collect$$rtentry$$00000000  c_w.l(__rtentry.o)
    0x080001ec   0x00000000   Code   RO          532    .ARM.Collect$$rtentry$$00000002  c_w.l(__rtentry2.o)
    0x080001ec   0x00000006   Code   RO          544    .ARM.Collect$$rtentry$$00000004  c_w.l(__rtentry4.o)
    0x080001f2   0x00000000   Code   RO          534    .ARM.Collect$$rtentry$$00000009  c_w.l(__rtentry2.o)
    0x080001f2   0x00000004   Code   RO          535    .ARM.Collect$$rtentry$$0000000A  c_w.l(__rtentry2.o)
    0x080001f6   0x00000000   Code   RO          537    .ARM.Collect$$rtentry$$0000000C  c_w.l(__rtentry2.o)
    0x080001f6   0x00000008   Code   RO          538    .ARM.Collect$$rtentry$$0000000D  c_w.l(__rtentry2.o)
    0x080001fe   0x00000002   Code   RO          559    .ARM.Collect$$rtexit$$00000000  c_w.l(rtexit.o)
    0x08000200   0x00000000   Code   RO          607    .ARM.Collect$$rtexit$$00000002  c_w.l(rtexit2.o)
    0x08000200   0x00000004   Code   RO          608    .ARM.Collect$$rtexit$$00000003  c_w.l(rtexit2.o)
    0x08000204   0x00000006   Code   RO          609    .ARM.Collect$$rtexit$$00000004  c_w.l(rtexit2.o)
    0x0800020a   0x00000002   PAD
    0x0800020c   0x000001f8   Code   RO            1    .text               main.o
    0x08000404   0x0000001a   Code   RO          114    .text               stm32f10x_it.o
    0x0800041e   0x00000044   Code   RO          129    .text               delay.o
    0x08000462   0x00000002   PAD
    0x08000464   0x0000011c   Code   RO          141    .text               timer.o
    0x08000580   0x000003a8   Code   RO          157    .text               oled_i2c.o
    0x08000928   0x000000dc   Code   RO          177    .text               misc.o
    0x08000a04   0x0000011c   Code   RO          201    .text               stm32f10x_exti.o
    0x08000b20   0x0000035c   Code   RO          225    .text               stm32f10x_gpio.o
    0x08000e7c   0x000003a4   Code   RO          273    .text               stm32f10x_rcc.o
    0x08001220   0x00000e1a   Code   RO          299    .text               stm32f10x_tim.o
    0x0800203a   0x00000002   PAD
    0x0800203c   0x00000404   Code   RO          383    .text               stm32f10x_i2c.o
    0x08002440   0x000001e0   Code   RO          466    .text               system_stm32f10x.o
    0x08002620   0x00000040   Code   RO          487    .text               startup_stm32f10x_hd.o
    0x08002660   0x00000006   Code   RO          493    .text               c_w.l(heapauxi.o)
    0x08002666   0x0000004a   Code   RO          546    .text               c_w.l(sys_stackheap_outer.o)
    0x080026b0   0x0000000c   Code   RO          548    .text               c_w.l(exit.o)
    0x080026bc   0x00000008   Code   RO          556    .text               c_w.l(libspace.o)
    0x080026c4   0x0000000c   Code   RO          617    .text               c_w.l(sys_exit.o)
    0x080026d0   0x00000002   Code   RO          628    .text               c_w.l(use_no_semi.o)
    0x080026d2   0x00000000   Code   RO          630    .text               c_w.l(indicate_semi.o)
    0x080026d2   0x00000002   PAD
    0x080026d4   0x00000062   Code   RO          497    x$fpl$d2f           fz_ws.l(d2f.o)
    0x08002736   0x00000002   PAD
    0x08002738   0x000002b0   Code   RO          500    x$fpl$ddiv          fz_ws.l(ddiv.o)
    0x080029e8   0x0000002e   Code   RO          504    x$fpl$dflt          fz_ws.l(dflt_clz.o)
    0x08002a16   0x0000009c   Code   RO          522    x$fpl$dnaninf       fz_ws.l(dnaninf.o)
    0x08002ab2   0x0000000c   Code   RO          524    x$fpl$dretinf       fz_ws.l(dretinf.o)
    0x08002abe   0x00000002   PAD
    0x08002ac0   0x000000c4   Code   RO          509    x$fpl$fadd          fz_ws.l(faddsub_clz.o)
    0x08002b84   0x00000036   Code   RO          515    x$fpl$ffix          fz_ws.l(ffix.o)
    0x08002bba   0x00000002   PAD
    0x08002bbc   0x00000102   Code   RO          519    x$fpl$fmul          fz_ws.l(fmul.o)
    0x08002cbe   0x0000008c   Code   RO          526    x$fpl$fnaninf       fz_ws.l(fnaninf.o)
    0x08002d4a   0x0000000a   Code   RO          528    x$fpl$fretinf       fz_ws.l(fretinf.o)
    0x08002d54   0x000000ea   Code   RO          511    x$fpl$fsub          fz_ws.l(faddsub_clz.o)
    0x08002e3e   0x00000000   Code   RO          530    x$fpl$usenofp       fz_ws.l(usenofp.o)
    0x08002e3e   0x00000818   Data   RO          158    .constdata          oled_i2c.o
    0x08003656   0x00000002   PAD
    0x08003658   0x00000020   Data   RO          682    Region$$Table       anon$$obj.o


    Execution Region RW_IRAM1 (Base: 0x20000000, Size: 0x00000848, Max: 0x00005000, ABSOLUTE, COMPRESSED[0x0000017c])

    Base Addr    Size         Type   Attr      Idx    E Section Name        Object

    0x20000000   0x0000000c   Data   RW            3    .data               main.o
    0x2000000c   0x00000001   Data   RW          142    .data               timer.o
    0x2000000d   0x000001a0   Data   RW          159    .data               oled_i2c.o
    0x200001ad   0x00000014   Data   RW          274    .data               stm32f10x_rcc.o
    0x200001c1   0x00000003   PAD
    0x200001c4   0x00000014   Data   RW          467    .data               system_stm32f10x.o
    0x200001d8   0x0000000a   Zero   RW            2    .bss                main.o
    0x200001e2   0x00000002   PAD
    0x200001e4   0x00000060   Zero   RW          557    .bss                c_w.l(libspace.o)
    0x20000244   0x00000004   PAD
    0x20000248   0x00000200   Zero   RW          485    HEAP                startup_stm32f10x_hd.o
    0x20000448   0x00000400   Zero   RW          484    STACK               startup_stm32f10x_hd.o


==============================================================================

Image component sizes


      Code (inc. data)   RO Data    RW Data    ZI Data      Debug   Object Name

         0          0          0          0          0         32   core_cm3.o
        68          0          0          0          0        716   delay.o
       504         26          0         12         10     258762   main.o
       220         22          0          0          0       2097   misc.o
       936         34       2072        416          0       3695   oled_i2c.o
        64         26        304          0       1536        968   startup_stm32f10x_hd.o
       284         10          0          0          0       2531   stm32f10x_exti.o
       860         38          0          0          0       5945   stm32f10x_gpio.o
      1028         16          0          0          0       9403   stm32f10x_i2c.o
        26          0          0          0          0       1286   stm32f10x_it.o
       932         36          0         20          0       9232   stm32f10x_rcc.o
      3610         88          0          0          0      22428   stm32f10x_tim.o
       480         38          0         20          0       2319   system_stm32f10x.o
       284         32          0          1          0       1767   timer.o

    ----------------------------------------------------------------------
      9300        366       2410        472       1548     321181   Object Totals
         0          0         32          0          0          0   (incl. Generated)
         4          0          2          3          2          0   (incl. Padding)

    ----------------------------------------------------------------------

      Code (inc. data)   RO Data    RW Data    ZI Data      Debug   Library Member Name

        90          0          0          0          0          0   __dczerorl2.o
         8          0          0          0          0         68   __main.o
         0          0          0          0          0          0   __rtentry.o
        12          0          0          0          0          0   __rtentry2.o
         6          0          0          0          0          0   __rtentry4.o
        52          8          0          0          0          0   __scatter.o
        28          0          0          0          0          0   __scatter_zi.o
        12          0          0          0          0         72   exit.o
         6          0          0          0          0        152   heapauxi.o
         0          0          0          0          0          0   indicate_semi.o
         2          0          0          0          0          0   libinit.o
         2          0          0          0          0          0   libinit2.o
         2          0          0          0          0          0   libshutdown.o
         2          0          0          0          0          0   libshutdown2.o
         8          4          0          0         96         68   libspace.o
         2          0          0          0          0          0   rtexit.o
        10          0          0          0          0          0   rtexit2.o
        12          4          0          0          0         68   sys_exit.o
        74          0          0          0          0         80   sys_stackheap_outer.o
         2          0          0          0          0         68   use_no_semi.o
        98          4          0          0          0         92   d2f.o
       688        140          0          0          0        208   ddiv.o
        46          0          0          0          0         68   dflt_clz.o
       156          4          0          0          0         92   dnaninf.o
        12          0          0          0          0         68   dretinf.o
       430          8          0          0          0        168   faddsub_clz.o
        54          4          0          0          0         84   ffix.o
       258          4          0          0          0         84   fmul.o
       140          4          0          0          0         84   fnaninf.o
        10          0          0          0          0         68   fretinf.o
         0          0          0          0          0          0   usenofp.o

    ----------------------------------------------------------------------
      2234        184          0          0        100       1592   Library Totals
        12          0          0          0          4          0   (incl. Padding)

    ----------------------------------------------------------------------

      Code (inc. data)   RO Data    RW Data    ZI Data      Debug   Library Name

       330         16          0          0         96        576   c_w.l
      1892        168          0          0          0       1016   fz_ws.l

    ----------------------------------------------------------------------
      2234        184          0          0        100       1592   Library Totals

    ----------------------------------------------------------------------

==============================================================================


      Code (inc. data)   RO Data    RW Data    ZI Data      Debug   

     11534        550       2410        472       1648     321053   Grand Totals
     11534        550       2410        380       1648     321053   ELF Image Totals (compressed)
     11534        550       2410        380          0          0   ROM Totals

==============================================================================

    Total RO  Size (Code + RO Data)                13944 (  13.62kB)
    Total RW  Size (RW Data + ZI Data)              2120 (   2.07kB)
    Total ROM Size (Code + RO Data + RW Data)      14324 (  13.99kB)

==============================================================================

