<html>
<body>
<pre>
<h1>礦ision Build Log</h1>
<h2>Tool Versions:</h2>
IDE-Version: μVision V5.15
Copyright (C) 2015 ARM Ltd and ARM Germany GmbH. All rights reserved.
License Information: 0 0, 0, LIC=P6FUH-W0P0G-NR5XL-0JBDH-YESBK-LLHBS
 
Tool Versions:
Toolchain:       MDK-ARM Professional  Version: 5.15.0
Toolchain Path:  D:\Program Files (x86)\keilarm\ARM\ARMCC\Bin
C Compiler:      Armcc.exe V5.05 update 2 (build 169)
Assembler:       Armasm.exe V5.05 update 2 (build 169)
Linker/Locator:  ArmLink.exe V5.05 update 2 (build 169)
Library Manager: ArmAr.exe V5.05 update 2 (build 169)
Hex Converter:   FromElf.exe V5.05 update 2 (build 169)
CPU DLL:         SARMCM3.DLL V5.15.0
Dialog DLL:      DARMSTM.DLL V1.65.0.0
Target DLL:      Segger\JL2CM3.dll V2.99.15.0
Dialog DLL:      TARMSTM.DLL V1.64.0.0
 
<h2>Project:</h2>
E:\水质类模块产品资料V2.0\【冠拓电子】水流量传感器YF-S401模块资料\测试例程V2.0\水流量计（STM32）\TIM\Project\MDK-ARM\TIM.uvprojx
Project File Date:  06/29/2020

<h2>Output:</h2>
*** Using Compiler 'V5.05 update 2 (build 169)', folder: 'D:\Program Files (x86)\keilarm\ARM\ARMCC\Bin'
Build target 'TIM'
compiling main.c...
compiling stm32f10x_it.c...
compiling delay.c...
compiling timer.c...
compiling OLED_I2C.c...
compiling misc.c...
compiling stm32f10x_dbgmcu.c...
compiling stm32f10x_exti.c...
compiling stm32f10x_fsmc.c...
compiling stm32f10x_gpio.c...
compiling stm32f10x_pwr.c...
compiling stm32f10x_sdio.c...
compiling stm32f10x_flash.c...
compiling stm32f10x_rcc.c...
compiling stm32f10x_bkp.c...
compiling stm32f10x_tim.c...
compiling stm32f10x_adc.c...
compiling stm32f10x_can.c...
compiling stm32f10x_cec.c...
compiling stm32f10x_crc.c...
compiling stm32f10x_dac.c...
compiling stm32f10x_dma.c...
compiling stm32f10x_i2c.c...
compiling stm32f10x_iwdg.c...
compiling stm32f10x_rtc.c...
compiling stm32f10x_spi.c...
compiling stm32f10x_usart.c...
compiling stm32f10x_wwdg.c...
compiling core_cm3.c...
compiling system_stm32f10x.c...
assembling startup_stm32f10x_hd.s...
linking...
Program Size: Code=11534 RO-data=2410 RW-data=472 ZI-data=1648  
FromELF: creating hex file...
".\Obj\TIM.axf" - 0 Error(s), 0 Warning(s).

<h2>Software Packages used:</h2>

Package Vendor: ARM
                http://www.keil.com/pack/ARM.CMSIS.4.3.0.pack
                ARM::CMSIS:CORE:4.1.0
                CMSIS (Cortex Microcontroller Software Interface Standard)
   * Component: CORE Version: 4.1.0

<h2>Collection of Component include folders:</h2>
  E:\水质类模块产品资料V2.0\【冠拓电子】水流量传感器YF-S401模块资料\测试例程V2.0\水流量计（STM32）\TIM\Project\MDK-ARM\RTE
  D:\Program Files (x86)\keilarm\ARM\PACK\ARM\CMSIS\4.3.0\CMSIS\Include
  D:\Program Files (x86)\keilarm\ARM\PACK\Keil\STM32F1xx_DFP\1.1.0\Device\Include

<h2>Collection of Component Files used:</h2>

   * Component: ARM::CMSIS:CORE:4.1.0
</pre>
</body>
</html>
